Component: ARM Compiler 5.05 update 1 (build 106) Tool: armlink [4d0efa]

==============================================================================

Section Cross References

    startup_stm32f103xe.o(STACK) refers (Special) to heapauxi.o(.text) for __use_two_region_memory
    startup_stm32f103xe.o(HEAP) refers (Special) to heapauxi.o(.text) for __use_two_region_memory
    startup_stm32f103xe.o(RESET) refers (Special) to heapauxi.o(.text) for __use_two_region_memory
    startup_stm32f103xe.o(RESET) refers to startup_stm32f103xe.o(STACK) for __initial_sp
    startup_stm32f103xe.o(RESET) refers to startup_stm32f103xe.o(.text) for Reset_Handler
    startup_stm32f103xe.o(RESET) refers to stm32f1xx_it.o(i.NMI_Handler) for NMI_Handler
    startup_stm32f103xe.o(RESET) refers to stm32f1xx_it.o(i.HardFault_Handler) for HardFault_Handler
    startup_stm32f103xe.o(RESET) refers to stm32f1xx_it.o(i.MemManage_Handler) for MemManage_Handler
    startup_stm32f103xe.o(RESET) refers to stm32f1xx_it.o(i.BusFault_Handler) for BusFault_Handler
    startup_stm32f103xe.o(RESET) refers to stm32f1xx_it.o(i.UsageFault_Handler) for UsageFault_Handler
    startup_stm32f103xe.o(RESET) refers to stm32f1xx_it.o(i.SVC_Handler) for SVC_Handler
    startup_stm32f103xe.o(RESET) refers to stm32f1xx_it.o(i.DebugMon_Handler) for DebugMon_Handler
    startup_stm32f103xe.o(RESET) refers to stm32f1xx_it.o(i.PendSV_Handler) for PendSV_Handler
    startup_stm32f103xe.o(RESET) refers to stm32f1xx_it.o(i.SysTick_Handler) for SysTick_Handler
    startup_stm32f103xe.o(RESET) refers to stm32f1xx_it.o(i.DMA1_Channel2_IRQHandler) for DMA1_Channel2_IRQHandler
    startup_stm32f103xe.o(RESET) refers to stm32f1xx_it.o(i.DMA1_Channel3_IRQHandler) for DMA1_Channel3_IRQHandler
    startup_stm32f103xe.o(RESET) refers to stm32f1xx_it.o(i.TIM1_UP_IRQHandler) for TIM1_UP_IRQHandler
    startup_stm32f103xe.o(RESET) refers to stm32f1xx_it.o(i.USART3_IRQHandler) for USART3_IRQHandler
    startup_stm32f103xe.o(.text) refers (Special) to heapauxi.o(.text) for __use_two_region_memory
    startup_stm32f103xe.o(.text) refers to system_stm32f1xx.o(i.SystemInit) for SystemInit
    startup_stm32f103xe.o(.text) refers to __main.o(!!!main) for __main
    startup_stm32f103xe.o(.text) refers to startup_stm32f103xe.o(HEAP) for Heap_Mem
    startup_stm32f103xe.o(.text) refers to startup_stm32f103xe.o(STACK) for Stack_Mem
    servo.o(i.Get_PWM_From_Response) refers to strncpy.o(.text) for strncpy
    servo.o(i.Get_PWM_From_Response) refers to atoi.o(.text) for atoi
    servo.o(i.Servo_Get_Position) refers to _printf_pad.o(.text) for _printf_pre_padding
    servo.o(i.Servo_Get_Position) refers to _printf_percent.o(.ARM.Collect$$_printf_percent$$00000000) for _printf_percent
    servo.o(i.Servo_Get_Position) refers to _printf_d.o(.ARM.Collect$$_printf_percent$$00000009) for _printf_d
    servo.o(i.Servo_Get_Position) refers to _printf_dec.o(.text) for _printf_int_dec
    servo.o(i.Servo_Get_Position) refers to noretval__2sprintf.o(.text) for __2sprintf
    servo.o(i.Servo_Get_Position) refers to stm32f1xx_hal_uart.o(i.HAL_UART_Transmit_DMA) for HAL_UART_Transmit_DMA
    servo.o(i.Servo_Get_Position) refers to servo.o(.bss) for cmd
    servo.o(i.Servo_Get_Position) refers to usart.o(.bss) for huart3
    servo.o(i.Servo_Init) refers to fflt_clz.o(x$fpl$fflt) for __aeabi_i2f
    servo.o(i.Servo_Init) refers to faddsub_clz.o(x$fpl$fsub) for __aeabi_fsub
    servo.o(i.Servo_Init) refers to fmul.o(x$fpl$fmul) for __aeabi_fmul
    servo.o(i.Servo_Init) refers to fdiv.o(x$fpl$fdiv) for __aeabi_fdiv
    servo.o(i.Servo_Init) refers to servo.o(.data) for Servo_Control_State
    servo.o(i.Servo_Init) refers to servo.o(.bss) for Servo_0
    servo.o(i.Servo_Rx_Byte) refers to servo.o(.data) for Servo_UART_Rx_Byte
    servo.o(i.Servo_Set_Angle) refers to fleqf.o(x$fpl$fleqf) for __aeabi_cfcmple
    servo.o(i.Servo_Set_Angle) refers to frleqf.o(x$fpl$frleqf) for __aeabi_cfrcmple
    servo.o(i.Servo_Set_Angle) refers to faddsub_clz.o(x$fpl$fsub) for __aeabi_fsub
    servo.o(i.Servo_Set_Angle) refers to fflt_clz.o(x$fpl$fflt) for __aeabi_i2f
    servo.o(i.Servo_Set_Angle) refers to faddsub_clz.o(x$fpl$fadd) for __aeabi_fadd
    servo.o(i.Servo_Set_Angle) refers to fmul.o(x$fpl$fmul) for __aeabi_fmul
    servo.o(i.Servo_Set_Angle) refers to fdiv.o(x$fpl$fdiv) for __aeabi_fdiv
    servo.o(i.Servo_Set_Angle) refers to ffixu.o(x$fpl$ffixu) for __aeabi_f2uiz
    servo.o(i.Servo_Set_Angle) refers to rt_memcpy_w.o(.text) for __aeabi_memcpy4
    servo.o(i.Servo_Set_Angle) refers to servo.o(i.Servo_Set_PWM) for Servo_Set_PWM
    servo.o(i.Servo_Set_Control_Mode) refers to servo.o(.data) for Servo_Control_Mode
    servo.o(i.Servo_Set_PWM) refers to _printf_pad.o(.text) for _printf_pre_padding
    servo.o(i.Servo_Set_PWM) refers to _printf_percent.o(.ARM.Collect$$_printf_percent$$00000000) for _printf_percent
[...]
    ../clib/printf.c                         0x00000000   Number         0  _printf_intcommon.o ABSOLUTE
    ../clib/printf.c                         0x00000000   Number         0  __printf_flags_wp.o ABSOLUTE
    ../clib/printf.c                         0x00000000   Number         0  __printf_ss_wp.o ABSOLUTE
    ../clib/printf.c                         0x00000000   Number         0  __printf_wp.o ABSOLUTE
    ../clib/printf.c                         0x00000000   Number         0  __printf_flags_ss.o ABSOLUTE
    ../clib/printf.c                         0x00000000   Number         0  _printf_dec.o ABSOLUTE
    ../clib/printf.c                         0x00000000   Number         0  __printf_ss.o ABSOLUTE
    ../clib/printf.c                         0x00000000   Number         0  __printf_flags.o ABSOLUTE
    ../clib/printf_percent.s                 0x00000000   Number         0  _printf_percent_end.o ABSOLUTE
    ../clib/printf_percent.s                 0x00000000   Number         0  _printf_percent.o ABSOLUTE
    ../clib/printf_percent.s                 0x00000000   Number         0  _printf_d.o ABSOLUTE
    ../clib/scanf.c                          0x00000000   Number         0  atoi.o ABSOLUTE
    ../clib/scanf.c                          0x00000000   Number         0  strtol.o ABSOLUTE
    ../clib/scanf.c                          0x00000000   Number         0  _chval.o ABSOLUTE
    ../clib/scanf.c                          0x00000000   Number         0  _strtoul.o ABSOLUTE
    ../clib/signal.c                         0x00000000   Number         0  defsig_rtmem_outer.o ABSOLUTE
    ../clib/signal.c                         0x00000000   Number         0  defsig_other.o ABSOLUTE
    ../clib/signal.c                         0x00000000   Number         0  defsig_pvfn_inner.o ABSOLUTE
    ../clib/signal.c                         0x00000000   Number         0  defsig_fpe_inner.o ABSOLUTE
    ../clib/signal.c                         0x00000000   Number         0  defsig_exit.o ABSOLUTE
    ../clib/signal.c                         0x00000000   Number         0  defsig_stak_inner.o ABSOLUTE
    ../clib/signal.c                         0x00000000   Number         0  defsig_rtmem_inner.o ABSOLUTE
    ../clib/signal.c                         0x00000000   Number         0  __raise.o ABSOLUTE
    ../clib/signal.c                         0x00000000   Number         0  defsig_general.o ABSOLUTE
    ../clib/signal.c                         0x00000000   Number         0  defsig_segv_inner.o ABSOLUTE
    ../clib/signal.c                         0x00000000   Number         0  defsig_rtred_inner.o ABSOLUTE
    ../clib/signal.c                         0x00000000   Number         0  defsig_rtmem_formal.o ABSOLUTE
    ../clib/signal.c                         0x00000000   Number         0  defsig_abrt_inner.o ABSOLUTE
    ../clib/signal.c                         0x00000000   Number         0  defsig_cppl_inner.o ABSOLUTE
    ../clib/signal.s                         0x00000000   Number         0  defsig.o ABSOLUTE
    ../clib/stdlib.c                         0x00000000   Number         0  exit.o ABSOLUTE
    ../fplib/faddsub.s                       0x00000000   Number         0  faddsub_clz.o ABSOLUTE
    ../fplib/fcmpi.s                         0x00000000   Number         0  fcmpi.o ABSOLUTE
    ../fplib/fdiv.s                          0x00000000   Number         0  fdiv.o ABSOLUTE
    ../fplib/ffixu.s                         0x00000000   Number         0  ffixu.o ABSOLUTE
    ../fplib/fflt.s                          0x00000000   Number         0  fflt_clz.o ABSOLUTE
    ../fplib/fleqf.s                         0x00000000   Number         0  fleqf.o ABSOLUTE
    ../fplib/fmul.s                          0x00000000   Number         0  fmul.o ABSOLUTE
    ../fplib/fnaninf.s                       0x00000000   Number         0  fnaninf.o ABSOLUTE
    ../fplib/fpinit.s                        0x00000000   Number         0  fpinit.o ABSOLUTE
    ../fplib/fretinf.s                       0x00000000   Number         0  fretinf.o ABSOLUTE
    ../fplib/frleqf.s                        0x00000000   Number         0  frleqf.o ABSOLUTE
    ../fplib/usenofp.s                       0x00000000   Number         0  usenofp.o ABSOLUTE
    ..\Core\Src\dma.c                        0x00000000   Number         0  dma.o ABSOLUTE
    ..\Core\Src\gpio.c                       0x00000000   Number         0  gpio.o ABSOLUTE
    ..\Core\Src\main.c                       0x00000000   Number         0  main.o ABSOLUTE
    ..\Core\Src\servo.c                      0x00000000   Number         0  servo.o ABSOLUTE
    ..\Core\Src\stm32f1xx_hal_msp.c          0x00000000   Number         0  stm32f1xx_hal_msp.o ABSOLUTE
    ..\Core\Src\stm32f1xx_it.c               0x00000000   Number         0  stm32f1xx_it.o ABSOLUTE
    ..\Core\Src\system.c                     0x00000000   Number         0  system.o ABSOLUTE
    ..\Core\Src\system_stm32f1xx.c           0x00000000   Number         0  system_stm32f1xx.o ABSOLUTE
    ..\Core\Src\tim.c                        0x00000000   Number         0  tim.o ABSOLUTE
    ..\Core\Src\usart.c                      0x00000000   Number         0  usart.o ABSOLUTE
    ..\Drivers\STM32F1xx_HAL_Driver\Src\stm32f1xx_hal.c 0x00000000   Number         0  stm32f1xx_hal.o ABSOLUTE
    ..\Drivers\STM32F1xx_HAL_Driver\Src\stm32f1xx_hal_cortex.c 0x00000000   Number         0  stm32f1xx_hal_cortex.o ABSOLUTE
    ..\Drivers\STM32F1xx_HAL_Driver\Src\stm32f1xx_hal_dma.c 0x00000000   Number         0  stm32f1xx_hal_dma.o ABSOLUTE
    ..\Drivers\STM32F1xx_HAL_Driver\Src\stm32f1xx_hal_exti.c 0x00000000   Number         0  stm32f1xx_hal_exti.o ABSOLUTE
    ..\Drivers\STM32F1xx_HAL_Driver\Src\stm32f1xx_hal_flash.c 0x00000000   Number         0  stm32f1xx_hal_flash.o ABSOLUTE
    ..\Drivers\STM32F1xx_HAL_Driver\Src\stm32f1xx_hal_flash_ex.c 0x00000000   Number         0  stm32f1xx_hal_flash_ex.o ABSOLUTE
    ..\Drivers\STM32F1xx_HAL_Driver\Src\stm32f1xx_hal_gpio.c 0x00000000   Number         0  stm32f1xx_hal_gpio.o ABSOLUTE
    ..\Drivers\STM32F1xx_HAL_Driver\Src\stm32f1xx_hal_gpio_ex.c 0x00000000   Number         0  stm32f1xx_hal_gpio_ex.o ABSOLUTE
    ..\Drivers\STM32F1xx_HAL_Driver\Src\stm32f1xx_hal_pwr.c 0x00000000   Number         0  stm32f1xx_hal_pwr.o ABSOLUTE
    ..\Drivers\STM32F1xx_HAL_Driver\Src\stm32f1xx_hal_rcc.c 0x00000000   Number         0  stm32f1xx_hal_rcc.o ABSOLUTE
    ..\Drivers\STM32F1xx_HAL_Driver\Src\stm32f1xx_hal_rcc_ex.c 0x00000000   Number         0  stm32f1xx_hal_rcc_ex.o ABSOLUTE
    ..\Drivers\STM32F1xx_HAL_Driver\Src\stm32f1xx_hal_tim.c 0x00000000   Number         0  stm32f1xx_hal_tim.o ABSOLUTE
    ..\Drivers\STM32F1xx_HAL_Driver\Src\stm32f1xx_hal_tim_ex.c 0x00000000   Number         0  stm32f1xx_hal_tim_ex.o ABSOLUTE
    ..\Drivers\STM32F1xx_HAL_Driver\Src\stm32f1xx_hal_uart.c 0x00000000   Number         0  stm32f1xx_hal_uart.o ABSOLUTE
    ..\\Core\\Src\\servo.c                   0x00000000   Number         0  servo.o ABSOLUTE
    ..\\Core\\Src\\system.c                  0x00000000   Number         0  system.o ABSOLUTE
    dc.s                                     0x00000000   Number         0  dc.o ABSOLUTE
    startup_stm32f103xe.s                    0x00000000   Number         0  startup_stm32f103xe.o ABSOLUTE
    RESET                                    0x08000000   Section      304  startup_stm32f103xe.o(RESET)
    !!!main                                  0x08000130   Section        8  __main.o(!!!main)
    !!!scatter                               0x08000138   Section       52  __scatter.o(!!!scatter)
    !!handler_copy                           0x0800016c   Section       26  __scatter_copy.o(!!handler_copy)
    !!handler_zi                             0x08000188   Section       28  __scatter_zi.o(!!handler_zi)
    .ARM.Collect$$_printf_percent$$00000000  0x080001a4   Section        0  _printf_percent.o(.ARM.Collect$$_printf_percent$$00000000)
    .ARM.Collect$$_printf_percent$$00000009  0x080001a4   Section        6  _printf_d.o(.ARM.Collect$$_printf_percent$$00000009)
    .ARM.Collect$$_printf_percent$$00000017  0x080001aa   Section        4  _printf_percent_end.o(.ARM.Collect$$_printf_percent$$00000017)
    .ARM.Collect$$libinit$$00000000          0x080001ae   Section        2  libinit.o(.ARM.Collect$$libinit$$00000000)
    .ARM.Collect$$libinit$$00000002          0x080001b0   Section        0  libinit2.o(.ARM.Collect$$libinit$$00000002)
    .ARM.Collect$$libinit$$00000004          0x080001b0   Section        0  libinit2.o(.ARM.Collect$$libinit$$00000004)
    .ARM.Collect$$libinit$$0000000A          0x080001b0   Section        0  libinit2.o(.ARM.Collect$$libinit$$0000000A)
    .ARM.Collect$$libinit$$0000000C          0x080001b0   Section        0  libinit2.o(.ARM.Collect$$libinit$$0000000C)
    .ARM.Collect$$libinit$$0000000E          0x080001b0   Section        0  libinit2.o(.ARM.Collect$$libinit$$0000000E)
    .ARM.Collect$$libinit$$0000000F          0x080001b0   Section        6  libinit2.o(.ARM.Collect$$libinit$$0000000F)
    .ARM.Collect$$libinit$$00000011          0x080001b6   Section        0  libinit2.o(.ARM.Collect$$libinit$$00000011)
    .ARM.Collect$$libinit$$00000012          0x080001b6   Section       12  libinit2.o(.ARM.Collect$$libinit$$00000012)
    .ARM.Collect$$libinit$$00000013          0x080001c2   Section        0  libinit2.o(.ARM.Collect$$libinit$$00000013)
    .ARM.Collect$$libinit$$00000015          0x080001c2   Section        0  libinit2.o(.ARM.Collect$$libinit$$00000015)
    .ARM.Collect$$libinit$$00000017          0x080001c2   Section        0  libinit2.o(.ARM.Collect$$libinit$$00000017)
    .ARM.Collect$$libinit$$00000019          0x080001c2   Section        0  libinit2.o(.ARM.Collect$$libinit$$00000019)
    .ARM.Collect$$libinit$$0000001B          0x080001c2   Section        0  libinit2.o(.ARM.Collect$$libinit$$0000001B)
    .ARM.Collect$$libinit$$0000001D          0x080001c2   Section        0  libinit2.o(.ARM.Collect$$libinit$$0000001D)
    .ARM.Collect$$libinit$$0000001F          0x080001c2   Section        0  libinit2.o(.ARM.Collect$$libinit$$0000001F)
    .ARM.Collect$$libinit$$00000021          0x080001c2   Section        0  libinit2.o(.ARM.Collect$$libinit$$00000021)
    .ARM.Collect$$libinit$$00000023          0x080001c2   Section        0  libinit2.o(.ARM.Collect$$libinit$$00000023)
    .ARM.Collect$$libinit$$00000025          0x080001c2   Section        0  libinit2.o(.ARM.Collect$$libinit$$00000025)
    .ARM.Collect$$libinit$$0000002C          0x080001c2   Section        0  libinit2.o(.ARM.Collect$$libinit$$0000002C)
    .ARM.Collect$$libinit$$0000002E          0x080001c2   Section        0  libinit2.o(.ARM.Collect$$libinit$$0000002E)
    .ARM.Collect$$libinit$$00000030          0x080001c2   Section        0  libinit2.o(.ARM.Collect$$libinit$$00000030)
    .ARM.Collect$$libinit$$00000032          0x080001c2   Section        0  libinit2.o(.ARM.Collect$$libinit$$00000032)
    .ARM.Collect$$libinit$$00000033          0x080001c2   Section        2  libinit2.o(.ARM.Collect$$libinit$$00000033)
    .ARM.Collect$$libshutdown$$00000000      0x080001c4   Section        2  libshutdown.o(.ARM.Collect$$libshutdown$$00000000)
    .ARM.Collect$$libshutdown$$00000003      0x080001c6   Section        0  libshutdown2.o(.ARM.Collect$$libshutdown$$00000003)
    .ARM.Collect$$libshutdown$$00000006      0x080001c6   Section        0  libshutdown2.o(.ARM.Collect$$libshutdown$$00000006)
    .ARM.Collect$$libshutdown$$00000009      0x080001c6   Section        0  libshutdown2.o(.ARM.Collect$$libshutdown$$00000009)
    .ARM.Collect$$libshutdown$$0000000B      0x080001c6   Section        0  libshutdown2.o(.ARM.Collect$$libshutdown$$0000000B)
    .ARM.Collect$$libshutdown$$0000000E      0x080001c6   Section        0  libshutdown2.o(.ARM.Collect$$libshutdown$$0000000E)
    .ARM.Collect$$libshutdown$$0000000F      0x080001c6   Section        2  libshutdown2.o(.ARM.Collect$$libshutdown$$0000000F)
    .ARM.Collect$$rtentry$$00000000          0x080001c8   Section        0  __rtentry.o(.ARM.Collect$$rtentry$$00000000)
    .ARM.Collect$$rtentry$$00000002          0x080001c8   Section        0  __rtentry2.o(.ARM.Collect$$rtentry$$00000002)
    .ARM.Collect$$rtentry$$00000004          0x080001c8   Section        6  __rtentry4.o(.ARM.Collect$$rtentry$$00000004)
    .ARM.Collect$$rtentry$$00000009          0x080001ce   Section        0  __rtentry2.o(.ARM.Collect$$rtentry$$00000009)
    .ARM.Collect$$rtentry$$0000000A          0x080001ce   Section        4  __rtentry2.o(.ARM.Collect$$rtentry$$0000000A)
    .ARM.Collect$$rtentry$$0000000C          0x080001d2   Section        0  __rtentry2.o(.ARM.Collect$$rtentry$$0000000C)
    .ARM.Collect$$rtentry$$0000000D          0x080001d2   Section        8  __rtentry2.o(.ARM.Collect$$rtentry$$0000000D)
    .ARM.Collect$$rtexit$$00000000           0x080001da   Section        2  rtexit.o(.ARM.Collect$$rtexit$$00000000)
    .ARM.Collect$$rtexit$$00000002           0x080001dc   Section        0  rtexit2.o(.ARM.Collect$$rtexit$$00000002)
    .ARM.Collect$$rtexit$$00000003           0x080001dc   Section        4  rtexit2.o(.ARM.Collect$$rtexit$$00000003)
    .ARM.Collect$$rtexit$$00000004           0x080001e0   Section        6  rtexit2.o(.ARM.Collect$$rtexit$$00000004)
    .text                                    0x080001e8   Section       64  startup_stm32f103xe.o(.text)
    .text                                    0x08000228   Section        0  noretval__2sprintf.o(.text)
    .text                                    0x08000250   Section        0  _printf_pad.o(.text)
    .text                                    0x080002a0   Section        0  _printf_dec.o(.text)
    .text                                    0x08000318   Section        0  __printf_flags_wp.o(.text)
    .text                                    0x08000450   Section        0  atoi.o(.text)
    .text                                    0x0800046a   Section      100  rt_memcpy_w.o(.text)
    .text                                    0x080004ce   Section       78  rt_memclr_w.o(.text)
    .text                                    0x0800051c   Section       86  strncpy.o(.text)
    .text                                    0x08000572   Section        0  heapauxi.o(.text)
    .text                                    0x08000578   Section        8  rt_errno_addr_intlibspace.o(.text)
    .text                                    0x08000580   Section        0  _printf_intcommon.o(.text)
    .text                                    0x08000634   Section        0  _printf_char_common.o(.text)
    _printf_input_char                       0x08000635   Thumb Code    10  _printf_char_common.o(.text)
    .text                                    0x08000664   Section        0  _sputc.o(.text)
    .text                                    0x0800066e   Section        0  strtol.o(.text)
    .text                                    0x080006de   Section       68  rt_memclr.o(.text)
    .text                                    0x08000724   Section        8  libspace.o(.text)
    .text                                    0x0800072c   Section       16  rt_ctype_table.o(.text)
    .text                                    0x0800073c   Section        0  _strtoul.o(.text)
    .text                                    0x080007da   Section       74  sys_stackheap_outer.o(.text)
    .text                                    0x08000824   Section        8  rt_locale_intlibspace.o(.text)
    .text                                    0x0800082c   Section        0  _chval.o(.text)
    .text                                    0x08000848   Section        0  exit.o(.text)
    .text                                    0x08000854   Section      128  strcmpv7m.o(.text)
    .text                                    0x080008d4   Section        0  sys_exit.o(.text)
    .text                                    0x080008e0   Section        2  use_no_semi.o(.text)
    .text                                    0x080008e2   Section        0  indicate_semi.o(.text)
    i.BusFault_Handler                       0x080008e2   Section        0  stm32f1xx_it.o(i.BusFault_Handler)
    i.DMA1_Channel2_IRQHandler               0x080008e8   Section        0  stm32f1xx_it.o(i.DMA1_Channel2_IRQHandler)
    i.DMA1_Channel3_IRQHandler               0x080008f8   Section        0  stm32f1xx_it.o(i.DMA1_Channel3_IRQHandler)
    i.DMA_SetConfig                          0x08000908   Section        0  stm32f1xx_hal_dma.o(i.DMA_SetConfig)
    DMA_SetConfig                            0x08000909   Thumb Code    44  stm32f1xx_hal_dma.o(i.DMA_SetConfig)
    i.DebugMon_Handler                       0x08000934   Section        0  stm32f1xx_it.o(i.DebugMon_Handler)
    i.Error_Handler                          0x08000936   Section        0  main.o(i.Error_Handler)
    i.Get_PWM_From_Response                  0x0800093c   Section        0  servo.o(i.Get_PWM_From_Response)
    i.HAL_DMA_Abort                          0x0800095a   Section        0  stm32f1xx_hal_dma.o(i.HAL_DMA_Abort)
    i.HAL_DMA_Abort_IT                       0x080009b0   Section        0  stm32f1xx_hal_dma.o(i.HAL_DMA_Abort_IT)
    i.HAL_DMA_IRQHandler                     0x08000b58   Section        0  stm32f1xx_hal_dma.o(i.HAL_DMA_IRQHandler)
    i.HAL_DMA_Init                           0x08000ef0   Section        0  stm32f1xx_hal_dma.o(i.HAL_DMA_Init)
    i.HAL_DMA_Start_IT                       0x08000f7c   Section        0  stm32f1xx_hal_dma.o(i.HAL_DMA_Start_IT)
    i.HAL_GPIO_Init                          0x08001018   Section        0  stm32f1xx_hal_gpio.o(i.HAL_GPIO_Init)
    i.HAL_GetTick                            0x08001358   Section        0  stm32f1xx_hal.o(i.HAL_GetTick)
    i.HAL_IncTick                            0x08001364   Section        0  stm32f1xx_hal.o(i.HAL_IncTick)
    i.HAL_Init                               0x0800137c   Section        0  stm32f1xx_hal.o(i.HAL_Init)
    i.HAL_InitTick                           0x080013a4   Section        0  stm32f1xx_hal.o(i.HAL_InitTick)
    i.HAL_MspInit                            0x080013f0   Section        0  stm32f1xx_hal_msp.o(i.HAL_MspInit)
    i.HAL_NVIC_EnableIRQ                     0x08001444   Section        0  stm32f1xx_hal_cortex.o(i.HAL_NVIC_EnableIRQ)
    i.HAL_NVIC_SetPriority                   0x08001464   Section        0  stm32f1xx_hal_cortex.o(i.HAL_NVIC_SetPriority)
    i.HAL_NVIC_SetPriorityGrouping           0x080014e0   Section        0  stm32f1xx_hal_cortex.o(i.HAL_NVIC_SetPriorityGrouping)
    i.HAL_RCC_ClockConfig                    0x08001508   Section        0  stm32f1xx_hal_rcc.o(i.HAL_RCC_ClockConfig)
    i.HAL_RCC_GetHCLKFreq                    0x08001694   Section        0  stm32f1xx_hal_rcc.o(i.HAL_RCC_GetHCLKFreq)
    i.HAL_RCC_GetPCLK1Freq                   0x080016a0   Section        0  stm32f1xx_hal_rcc.o(i.HAL_RCC_GetPCLK1Freq)
    i.HAL_RCC_GetPCLK2Freq                   0x080016c0   Section        0  stm32f1xx_hal_rcc.o(i.HAL_RCC_GetPCLK2Freq)
    i.HAL_RCC_GetSysClockFreq                0x080016e0   Section        0  stm32f1xx_hal_rcc.o(i.HAL_RCC_GetSysClockFreq)
    i.HAL_RCC_OscConfig                      0x08001750   Section        0  stm32f1xx_hal_rcc.o(i.HAL_RCC_OscConfig)
    i.HAL_SYSTICK_Config                     0x08001bb4   Section        0  stm32f1xx_hal_cortex.o(i.HAL_SYSTICK_Config)
    i.HAL_TIMEx_BreakCallback                0x08001be8   Section        0  stm32f1xx_hal_tim_ex.o(i.HAL_TIMEx_BreakCallback)
    i.HAL_TIMEx_CommutCallback               0x08001bea   Section        0  stm32f1xx_hal_tim_ex.o(i.HAL_TIMEx_CommutCallback)
    i.HAL_TIMEx_MasterConfigSynchronization  0x08001bec   Section        0  stm32f1xx_hal_tim_ex.o(i.HAL_TIMEx_MasterConfigSynchronization)
    i.HAL_TIM_Base_Init                      0x08001c88   Section        0  stm32f1xx_hal_tim.o(i.HAL_TIM_Base_Init)
    i.HAL_TIM_Base_MspInit                   0x08001cf0   Section        0  tim.o(i.HAL_TIM_Base_MspInit)
    i.HAL_TIM_Base_Start_IT                  0x08001d34   Section        0  stm32f1xx_hal_tim.o(i.HAL_TIM_Base_Start_IT)
    i.HAL_TIM_ConfigClockSource              0x08001dc4   Section        0  stm32f1xx_hal_tim.o(i.HAL_TIM_ConfigClockSource)
    i.HAL_TIM_IC_CaptureCallback             0x08001ed0   Section        0  stm32f1xx_hal_tim.o(i.HAL_TIM_IC_CaptureCallback)
    i.HAL_TIM_IRQHandler                     0x08001ed2   Section        0  stm32f1xx_hal_tim.o(i.HAL_TIM_IRQHandler)
    i.HAL_TIM_OC_DelayElapsedCallback        0x08002068   Section        0  stm32f1xx_hal_tim.o(i.HAL_TIM_OC_DelayElapsedCallback)
    i.HAL_TIM_PWM_PulseFinishedCallback      0x0800206a   Section        0  stm32f1xx_hal_tim.o(i.HAL_TIM_PWM_PulseFinishedCallback)
    i.HAL_TIM_PeriodElapsedCallback          0x0800206c   Section        0  main.o(i.HAL_TIM_PeriodElapsedCallback)
    i.HAL_TIM_TriggerCallback                0x08002180   Section        0  stm32f1xx_hal_tim.o(i.HAL_TIM_TriggerCallback)
    i.HAL_UARTEx_RxEventCallback             0x08002182   Section        0  stm32f1xx_hal_uart.o(i.HAL_UARTEx_RxEventCallback)
    i.HAL_UART_ErrorCallback                 0x08002184   Section        0  stm32f1xx_hal_uart.o(i.HAL_UART_ErrorCallback)
    i.HAL_UART_IRQHandler                    0x08002188   Section        0  stm32f1xx_hal_uart.o(i.HAL_UART_IRQHandler)
    i.HAL_UART_Init                          0x0800246c   Section        0  stm32f1xx_hal_uart.o(i.HAL_UART_Init)
    i.HAL_UART_MspInit                       0x080024e4   Section        0  usart.o(i.HAL_UART_MspInit)
    i.HAL_UART_Receive_DMA                   0x08002608   Section        0  stm32f1xx_hal_uart.o(i.HAL_UART_Receive_DMA)
    i.HAL_UART_RxCpltCallback                0x08002634   Section        0  main.o(i.HAL_UART_RxCpltCallback)
    i.HAL_UART_RxHalfCpltCallback            0x08002740   Section        0  stm32f1xx_hal_uart.o(i.HAL_UART_RxHalfCpltCallback)
    i.HAL_UART_Transmit_DMA                  0x08002744   Section        0  stm32f1xx_hal_uart.o(i.HAL_UART_Transmit_DMA)
    i.HAL_UART_TxCpltCallback                0x080027d0   Section        0  stm32f1xx_hal_uart.o(i.HAL_UART_TxCpltCallback)
    i.HAL_UART_TxHalfCpltCallback            0x080027d2   Section        0  stm32f1xx_hal_uart.o(i.HAL_UART_TxHalfCpltCallback)
    i.HardFault_Handler                      0x080027d4   Section        0  stm32f1xx_it.o(i.HardFault_Handler)
    i.MX_DMA_Init                            0x080027d8   Section        0  dma.o(i.MX_DMA_Init)
    i.MX_GPIO_Init                           0x0800281c   Section        0  gpio.o(i.MX_GPIO_Init)
    i.MX_TIM1_Init                           0x08002874   Section        0  tim.o(i.MX_TIM1_Init)
    i.MX_USART3_UART_Init                    0x080028e4   Section        0  usart.o(i.MX_USART3_UART_Init)
    i.MemManage_Handler                      0x0800291c   Section        0  stm32f1xx_it.o(i.MemManage_Handler)
    i.NMI_Handler                            0x08002920   Section        0  stm32f1xx_it.o(i.NMI_Handler)
    i.PendSV_Handler                         0x08002924   Section        0  stm32f1xx_it.o(i.PendSV_Handler)
    i.RCC_Delay                              0x08002928   Section        0  stm32f1xx_hal_rcc.o(i.RCC_Delay)
    RCC_Delay                                0x08002929   Thumb Code    36  stm32f1xx_hal_rcc.o(i.RCC_Delay)
    i.SVC_Handler                            0x08002950   Section        0  stm32f1xx_it.o(i.SVC_Handler)
    i.Servo_Get_Position                     0x08002954   Section        0  servo.o(i.Servo_Get_Position)
    i.Servo_Init                             0x08002988   Section        0  servo.o(i.Servo_Init)
    i.Servo_Set_Angle                        0x08002a74   Section        0  servo.o(i.Servo_Set_Angle)
    i.Servo_Set_PWM                          0x08002b08   Section        0  servo.o(i.Servo_Set_PWM)
    i.SysTick_Handler                        0x08002b68   Section        0  stm32f1xx_it.o(i.SysTick_Handler)
    i.SystemClock_Config                     0x08002b70   Section        0  main.o(i.SystemClock_Config)
    i.SystemInit                             0x08002bd6   Section        0  system_stm32f1xx.o(i.SystemInit)
    i.TIM1_UP_IRQHandler                     0x08002bd8   Section        0  stm32f1xx_it.o(i.TIM1_UP_IRQHandler)
    i.TIM_Base_SetConfig                     0x08002be8   Section        0  stm32f1xx_hal_tim.o(i.TIM_Base_SetConfig)
    i.TIM_ETR_SetConfig                      0x08002c84   Section        0  stm32f1xx_hal_tim.o(i.TIM_ETR_SetConfig)
    i.TIM_ITRx_SetConfig                     0x08002c9a   Section        0  stm32f1xx_hal_tim.o(i.TIM_ITRx_SetConfig)
    TIM_ITRx_SetConfig                       0x08002c9b   Thumb Code    18  stm32f1xx_hal_tim.o(i.TIM_ITRx_SetConfig)
    i.TIM_TI1_ConfigInputStage               0x08002cac   Section        0  stm32f1xx_hal_tim.o(i.TIM_TI1_ConfigInputStage)
    TIM_TI1_ConfigInputStage                 0x08002cad   Thumb Code    38  stm32f1xx_hal_tim.o(i.TIM_TI1_ConfigInputStage)
    i.TIM_TI2_ConfigInputStage               0x08002cd2   Section        0  stm32f1xx_hal_tim.o(i.TIM_TI2_ConfigInputStage)
    TIM_TI2_ConfigInputStage                 0x08002cd3   Thumb Code    40  stm32f1xx_hal_tim.o(i.TIM_TI2_ConfigInputStage)
    i.UART_DMAAbortOnError                   0x08002cfa   Section        0  stm32f1xx_hal_uart.o(i.UART_DMAAbortOnError)
    UART_DMAAbortOnError                     0x08002cfb   Thumb Code    20  stm32f1xx_hal_uart.o(i.UART_DMAAbortOnError)
    i.UART_DMAError                          0x08002d0e   Section        0  stm32f1xx_hal_uart.o(i.UART_DMAError)
    UART_DMAError                            0x08002d0f   Thumb Code    80  stm32f1xx_hal_uart.o(i.UART_DMAError)
    i.UART_DMAReceiveCplt                    0x08002d5e   Section        0  stm32f1xx_hal_uart.o(i.UART_DMAReceiveCplt)
    UART_DMAReceiveCplt                      0x08002d5f   Thumb Code   180  stm32f1xx_hal_uart.o(i.UART_DMAReceiveCplt)
    i.UART_DMARxHalfCplt                     0x08002e12   Section        0  stm32f1xx_hal_uart.o(i.UART_DMARxHalfCplt)
    UART_DMARxHalfCplt                       0x08002e13   Thumb Code    36  stm32f1xx_hal_uart.o(i.UART_DMARxHalfCplt)
    i.UART_DMATransmitCplt                   0x08002e36   Section        0  stm32f1xx_hal_uart.o(i.UART_DMATransmitCplt)
    UART_DMATransmitCplt                     0x08002e37   Thumb Code    88  stm32f1xx_hal_uart.o(i.UART_DMATransmitCplt)
    i.UART_DMATxHalfCplt                     0x08002e8e   Section        0  stm32f1xx_hal_uart.o(i.UART_DMATxHalfCplt)
    UART_DMATxHalfCplt                       0x08002e8f   Thumb Code    14  stm32f1xx_hal_uart.o(i.UART_DMATxHalfCplt)
    i.UART_EndRxTransfer                     0x08002e9c   Section        0  stm32f1xx_hal_uart.o(i.UART_EndRxTransfer)
    UART_EndRxTransfer                       0x08002e9d   Thumb Code   108  stm32f1xx_hal_uart.o(i.UART_EndRxTransfer)
    i.UART_EndTransmit_IT                    0x08002f08   Section        0  stm32f1xx_hal_uart.o(i.UART_EndTransmit_IT)
    UART_EndTransmit_IT                      0x08002f09   Thumb Code    32  stm32f1xx_hal_uart.o(i.UART_EndTransmit_IT)
    i.UART_EndTxTransfer                     0x08002f28   Section        0  stm32f1xx_hal_uart.o(i.UART_EndTxTransfer)
    UART_EndTxTransfer                       0x08002f29   Thumb Code    38  stm32f1xx_hal_uart.o(i.UART_EndTxTransfer)
    i.UART_Receive_IT                        0x08002f4e   Section        0  stm32f1xx_hal_uart.o(i.UART_Receive_IT)
    UART_Receive_IT                          0x08002f4f   Thumb Code   252  stm32f1xx_hal_uart.o(i.UART_Receive_IT)
    i.UART_SetConfig                         0x0800304c   Section        0  stm32f1xx_hal_uart.o(i.UART_SetConfig)
    UART_SetConfig                           0x0800304d   Thumb Code   248  stm32f1xx_hal_uart.o(i.UART_SetConfig)
    i.UART_Start_Receive_DMA                 0x08003148   Section        0  stm32f1xx_hal_uart.o(i.UART_Start_Receive_DMA)
    i.UART_Transmit_IT                       0x08003210   Section        0  stm32f1xx_hal_uart.o(i.UART_Transmit_IT)
    UART_Transmit_IT                         0x08003211   Thumb Code    96  stm32f1xx_hal_uart.o(i.UART_Transmit_IT)
    i.USART3_IRQHandler                      0x08003270   Section        0  stm32f1xx_it.o(i.USART3_IRQHandler)
    i.UsageFault_Handler                     0x08003280   Section        0  stm32f1xx_it.o(i.UsageFault_Handler)
    i.__NVIC_GetPriorityGrouping             0x08003284   Section        0  stm32f1xx_hal_cortex.o(i.__NVIC_GetPriorityGrouping)
    __NVIC_GetPriorityGrouping               0x08003285   Thumb Code    10  stm32f1xx_hal_cortex.o(i.__NVIC_GetPriorityGrouping)
    i.__NVIC_SetPriority                     0x08003294   Section        0  stm32f1xx_hal_cortex.o(i.__NVIC_SetPriority)
    __NVIC_SetPriority                       0x08003295   Thumb Code    32  stm32f1xx_hal_cortex.o(i.__NVIC_SetPriority)
    i._is_digit                              0x080032bc   Section        0  __printf_wp.o(i._is_digit)
    i.main                                   0x080032cc   Section        0  main.o(i.main)
    locale$$code                             0x08003348   Section       44  lc_ctype_c.o(locale$$code)
    x$fpl$fadd                               0x08003374   Section      196  faddsub_clz.o(x$fpl$fadd)
    _fadd1                                   0x08003383   Thumb Code     0  faddsub_clz.o(x$fpl$fadd)
    x$fpl$fcmpinf                            0x08003438   Section       24  fcmpi.o(x$fpl$fcmpinf)
    x$fpl$fdiv                               0x08003450   Section      388  fdiv.o(x$fpl$fdiv)
    _fdiv1                                   0x08003451   Thumb Code     0  fdiv.o(x$fpl$fdiv)
    x$fpl$ffixu                              0x080035d4   Section       62  ffixu.o(x$fpl$ffixu)
    x$fpl$fflt                               0x08003614   Section       48  fflt_clz.o(x$fpl$fflt)
    x$fpl$fleqf                              0x08003644   Section      104  fleqf.o(x$fpl$fleqf)
    x$fpl$fmul                               0x080036ac   Section      258  fmul.o(x$fpl$fmul)
    x$fpl$fnaninf                            0x080037ae   Section      140  fnaninf.o(x$fpl$fnaninf)
    x$fpl$fretinf                            0x0800383a   Section       10  fretinf.o(x$fpl$fretinf)
    x$fpl$frleqf                             0x08003844   Section       98  frleqf.o(x$fpl$frleqf)
    x$fpl$fsub                               0x080038a8   Section      234  faddsub_clz.o(x$fpl$fsub)
    _fsub1                                   0x080038b7   Thumb Code     0  faddsub_clz.o(x$fpl$fsub)
    .constdata                               0x08003992   Section       18  stm32f1xx_hal_rcc.o(.constdata)
    x$fpl$usenofp                            0x08003992   Section        0  usenofp.o(x$fpl$usenofp)
    aPLLMULFactorTable                       0x08003992   Data          16  stm32f1xx_hal_rcc.o(.constdata)
    aPredivFactorTable                       0x080039a2   Data           2  stm32f1xx_hal_rcc.o(.constdata)
    .constdata                               0x080039a4   Section       24  system_stm32f1xx.o(.constdata)
    .constdata                               0x080039bc   Section       17  __printf_flags_wp.o(.constdata)
    maptable                                 0x080039bc   Data          17  __printf_flags_wp.o(.constdata)
    locale$$data                             0x080039f0   Section      272  lc_ctype_c.o(locale$$data)
    __lcctype_c_name                         0x080039f4   Data           2  lc_ctype_c.o(locale$$data)
    __lcctype_c_start                        0x080039fc   Data           0  lc_ctype_c.o(locale$$data)
    __lcctype_c_end                          0x08003b00   Data           0  lc_ctype_c.o(locale$$data)
    .data                                    0x20000000   Section        3  servo.o(.data)
    .data                                    0x20000003   Section        2  main.o(.data)
    .data                                    0x20000008   Section        9  stm32f1xx_hal.o(.data)
    .data                                    0x20000014   Section        4  system_stm32f1xx.o(.data)
    .bss                                     0x20000018   Section      162  servo.o(.bss)
    .bss                                     0x200000bc   Section       72  tim.o(.bss)
    .bss                                     0x20000104   Section      208  usart.o(.bss)
    .bss                                     0x200001d4   Section       96  libspace.o(.bss)
    HEAP                                     0x20000238   Section      512  startup_stm32f103xe.o(HEAP)
    Heap_Mem                                 0x20000238   Data         512  startup_stm32f103xe.o(HEAP)
    STACK                                    0x20000438   Section     1024  startup_stm32f103xe.o(STACK)
    Stack_Mem                                0x20000438   Data        1024  startup_stm32f103xe.o(STACK)
    __initial_sp                             0x20000838   Data           0  startup_stm32f103xe.o(STACK)

    Global Symbols

    Symbol Name                              Value     Ov Type        Size  Object(Section)

    BuildAttributes$$THM_ISAv4$P$D$K$B$S$PE$A:L22UL41UL21$X:L11$S22US41US21$IEEE1$IW$USESV6$~STKCKD$USESV7$~SHL$OSPACE$ROPI$EBA8$UX$STANDARDLIB$REQ8$PRES8$EABIv2 0x00000000   Number         0  anon$$obj.o ABSOLUTE
    __ARM_use_no_argv                        0x00000000   Number         0  main.o ABSOLUTE
    _printf_flags                            0x00000000   Number         0  printf_stubs.o ABSOLUTE
    _printf_return_value                     0x00000000   Number         0  printf_stubs.o ABSOLUTE
    _printf_sizespec                         0x00000000   Number         0  printf_stubs.o ABSOLUTE
    _printf_widthprec                        0x00000000   Number         0  printf_stubs.o ABSOLUTE
    __ARM_exceptions_init                     - Undefined Weak Reference
    __alloca_initialize                       - Undefined Weak Reference
    __arm_preinit_                            - Undefined Weak Reference
    __cpp_initialize__aeabi_                  - Undefined Weak Reference
    __cxa_finalize                            - Undefined Weak Reference
    __sigvec_lookup                           - Undefined Weak Reference
    _atexit_init                              - Undefined Weak Reference
    _call_atexit_fns                          - Undefined Weak Reference
    _clock_init                               - Undefined Weak Reference
    _fp_trap_init                             - Undefined Weak Reference
    _fp_trap_shutdown                         - Undefined Weak Reference
    _get_lc_collate                           - Undefined Weak Reference
    _get_lc_monetary                          - Undefined Weak Reference
    _get_lc_numeric                           - Undefined Weak Reference
    _get_lc_time                              - Undefined Weak Reference
    _getenv_init                              - Undefined Weak Reference
    _handle_redirection                       - Undefined Weak Reference
    _init_alloc                               - Undefined Weak Reference
    _init_user_alloc                          - Undefined Weak Reference
    _initio                                   - Undefined Weak Reference
    _printf_truncate_signed                   - Undefined Weak Reference
    _printf_truncate_unsigned                 - Undefined Weak Reference
    _rand_init                                - Undefined Weak Reference
    _signal_finish                            - Undefined Weak Reference
    _signal_init                              - Undefined Weak Reference
    _terminate_alloc                          - Undefined Weak Reference
    _terminate_user_alloc                     - Undefined Weak Reference
    _terminateio                              - Undefined Weak Reference
    __Vectors_Size                           0x00000130   Number         0  startup_stm32f103xe.o ABSOLUTE
    __Vectors                                0x08000000   Data           4  startup_stm32f103xe.o(RESET)
    __Vectors_End                            0x08000130   Data           0  startup_stm32f103xe.o(RESET)
    __main                                   0x08000131   Thumb Code     8  __main.o(!!!main)
    __scatterload                            0x08000139   Thumb Code     0  __scatter.o(!!!scatter)
    __scatterload_rt2                        0x08000139   Thumb Code    44  __scatter.o(!!!scatter)
    __scatterload_rt2_thumb_only             0x08000139   Thumb Code     0  __scatter.o(!!!scatter)
    __scatterload_null                       0x08000147   Thumb Code     0  __scatter.o(!!!scatter)
    __scatterload_copy                       0x0800016d   Thumb Code    26  __scatter_copy.o(!!handler_copy)
    __scatterload_zeroinit                   0x08000189   Thumb Code    28  __scatter_zi.o(!!handler_zi)
    _printf_d                                0x080001a5   Thumb Code     0  _printf_d.o(.ARM.Collect$$_printf_percent$$00000009)
    _printf_percent                          0x080001a5   Thumb Code     0  _printf_percent.o(.ARM.Collect$$_printf_percent$$00000000)
    _printf_percent_end                      0x080001ab   Thumb Code     0  _printf_percent_end.o(.ARM.Collect$$_printf_percent$$00000017)
    __rt_lib_init                            0x080001af   Thumb Code     0  libinit.o(.ARM.Collect$$libinit$$00000000)
    __rt_lib_init_fp_1                       0x080001b1   Thumb Code     0  libinit2.o(.ARM.Collect$$libinit$$00000002)
    __rt_lib_init_heap_1                     0x080001b1   Thumb Code     0  libinit2.o(.ARM.Collect$$libinit$$0000000A)
    __rt_lib_init_lc_common                  0x080001b1   Thumb Code     0  libinit2.o(.ARM.Collect$$libinit$$0000000F)
    __rt_lib_init_preinit_1                  0x080001b1   Thumb Code     0  libinit2.o(.ARM.Collect$$libinit$$00000004)
    __rt_lib_init_rand_1                     0x080001b1   Thumb Code     0  libinit2.o(.ARM.Collect$$libinit$$0000000E)
    __rt_lib_init_user_alloc_1               0x080001b1   Thumb Code     0  libinit2.o(.ARM.Collect$$libinit$$0000000C)
    __rt_lib_init_lc_collate_1               0x080001b7   Thumb Code     0  libinit2.o(.ARM.Collect$$libinit$$00000011)
    __rt_lib_init_lc_ctype_2                 0x080001b7   Thumb Code     0  libinit2.o(.ARM.Collect$$libinit$$00000012)
    __rt_lib_init_alloca_1                   0x080001c3   Thumb Code     0  libinit2.o(.ARM.Collect$$libinit$$0000002E)
    __rt_lib_init_argv_1                     0x080001c3   Thumb Code     0  libinit2.o(.ARM.Collect$$libinit$$0000002C)
    __rt_lib_init_atexit_1                   0x080001c3   Thumb Code     0  libinit2.o(.ARM.Collect$$libinit$$0000001B)
    __rt_lib_init_clock_1                    0x080001c3   Thumb Code     0  libinit2.o(.ARM.Collect$$libinit$$00000021)
    __rt_lib_init_cpp_1                      0x080001c3   Thumb Code     0  libinit2.o(.ARM.Collect$$libinit$$00000032)
    __rt_lib_init_exceptions_1               0x080001c3   Thumb Code     0  libinit2.o(.ARM.Collect$$libinit$$00000030)
    __rt_lib_init_fp_trap_1                  0x080001c3   Thumb Code     0  libinit2.o(.ARM.Collect$$libinit$$0000001F)
    __rt_lib_init_getenv_1                   0x080001c3   Thumb Code     0  libinit2.o(.ARM.Collect$$libinit$$00000023)
    __rt_lib_init_lc_ctype_1                 0x080001c3   Thumb Code     0  libinit2.o(.ARM.Collect$$libinit$$00000013)
    __rt_lib_init_lc_monetary_1              0x080001c3   Thumb Code     0  libinit2.o(.ARM.Collect$$libinit$$00000015)
    __rt_lib_init_lc_numeric_1               0x080001c3   Thumb Code     0  libinit2.o(.ARM.Collect$$libinit$$00000017)
    __rt_lib_init_lc_time_1                  0x080001c3   Thumb Code     0  libinit2.o(.ARM.Collect$$libinit$$00000019)
    __rt_lib_init_return                     0x080001c3   Thumb Code     0  libinit2.o(.ARM.Collect$$libinit$$00000033)
    __rt_lib_init_signal_1                   0x080001c3   Thumb Code     0  libinit2.o(.ARM.Collect$$libinit$$0000001D)
    __rt_lib_init_stdio_1                    0x080001c3   Thumb Code     0  libinit2.o(.ARM.Collect$$libinit$$00000025)
    __rt_lib_shutdown                        0x080001c5   Thumb Code     0  libshutdown.o(.ARM.Collect$$libshutdown$$00000000)
    __rt_lib_shutdown_fp_trap_1              0x080001c7   Thumb Code     0  libshutdown2.o(.ARM.Collect$$libshutdown$$00000006)
    __rt_lib_shutdown_heap_1                 0x080001c7   Thumb Code     0  libshutdown2.o(.ARM.Collect$$libshutdown$$0000000E)
    __rt_lib_shutdown_return                 0x080001c7   Thumb Code     0  libshutdown2.o(.ARM.Collect$$libshutdown$$0000000F)
    __rt_lib_shutdown_signal_1               0x080001c7   Thumb Code     0  libshutdown2.o(.ARM.Collect$$libshutdown$$00000009)
    __rt_lib_shutdown_stdio_1                0x080001c7   Thumb Code     0  libshutdown2.o(.ARM.Collect$$libshutdown$$00000003)
    __rt_lib_shutdown_user_alloc_1           0x080001c7   Thumb Code     0  libshutdown2.o(.ARM.Collect$$libshutdown$$0000000B)
    __rt_entry                               0x080001c9   Thumb Code     0  __rtentry.o(.ARM.Collect$$rtentry$$00000000)
    __rt_entry_presh_1                       0x080001c9   Thumb Code     0  __rtentry2.o(.ARM.Collect$$rtentry$$00000002)
    __rt_entry_sh                            0x080001c9   Thumb Code     0  __rtentry4.o(.ARM.Collect$$rtentry$$00000004)
    __rt_entry_li                            0x080001cf   Thumb Code     0  __rtentry2.o(.ARM.Collect$$rtentry$$0000000A)
    __rt_entry_postsh_1                      0x080001cf   Thumb Code     0  __rtentry2.o(.ARM.Collect$$rtentry$$00000009)
    __rt_entry_main                          0x080001d3   Thumb Code     0  __rtentry2.o(.ARM.Collect$$rtentry$$0000000D)
    __rt_entry_postli_1                      0x080001d3   Thumb Code     0  __rtentry2.o(.ARM.Collect$$rtentry$$0000000C)
    __rt_exit                                0x080001db   Thumb Code     0  rtexit.o(.ARM.Collect$$rtexit$$00000000)
    __rt_exit_ls                             0x080001dd   Thumb Code     0  rtexit2.o(.ARM.Collect$$rtexit$$00000003)
    __rt_exit_prels_1                        0x080001dd   Thumb Code     0  rtexit2.o(.ARM.Collect$$rtexit$$00000002)
    __rt_exit_exit                           0x080001e1   Thumb Code     0  rtexit2.o(.ARM.Collect$$rtexit$$00000004)
    Reset_Handler                            0x080001e9   Thumb Code     8  startup_stm32f103xe.o(.text)
    ADC1_2_IRQHandler                        0x08000203   Thumb Code     0  startup_stm32f103xe.o(.text)
    ADC3_IRQHandler                          0x08000203   Thumb Code     0  startup_stm32f103xe.o(.text)
    CAN1_RX1_IRQHandler                      0x08000203   Thumb Code     0  startup_stm32f103xe.o(.text)
    CAN1_SCE_IRQHandler                      0x08000203   Thumb Code     0  startup_stm32f103xe.o(.text)
    DMA1_Channel1_IRQHandler                 0x08000203   Thumb Code     0  startup_stm32f103xe.o(.text)
    DMA1_Channel4_IRQHandler                 0x08000203   Thumb Code     0  startup_stm32f103xe.o(.text)
    DMA1_Channel5_IRQHandler                 0x08000203   Thumb Code     0  startup_stm32f103xe.o(.text)
    DMA1_Channel6_IRQHandler                 0x08000203   Thumb Code     0  startup_stm32f103xe.o(.text)
    DMA1_Channel7_IRQHandler                 0x08000203   Thumb Code     0  startup_stm32f103xe.o(.text)
    DMA2_Channel1_IRQHandler                 0x08000203   Thumb Code     0  startup_stm32f103xe.o(.text)
    DMA2_Channel2_IRQHandler                 0x08000203   Thumb Code     0  startup_stm32f103xe.o(.text)
    DMA2_Channel3_IRQHandler                 0x08000203   Thumb Code     0  startup_stm32f103xe.o(.text)
    DMA2_Channel4_5_IRQHandler               0x08000203   Thumb Code     0  startup_stm32f103xe.o(.text)
    EXTI0_IRQHandler                         0x08000203   Thumb Code     0  startup_stm32f103xe.o(.text)
    EXTI15_10_IRQHandler                     0x08000203   Thumb Code     0  startup_stm32f103xe.o(.text)
    EXTI1_IRQHandler                         0x08000203   Thumb Code     0  startup_stm32f103xe.o(.text)
    EXTI2_IRQHandler                         0x08000203   Thumb Code     0  startup_stm32f103xe.o(.text)
    EXTI3_IRQHandler                         0x08000203   Thumb Code     0  startup_stm32f103xe.o(.text)
    EXTI4_IRQHandler                         0x08000203   Thumb Code     0  startup_stm32f103xe.o(.text)
    EXTI9_5_IRQHandler                       0x08000203   Thumb Code     0  startup_stm32f103xe.o(.text)
    FLASH_IRQHandler                         0x08000203   Thumb Code     0  startup_stm32f103xe.o(.text)
    FSMC_IRQHandler                          0x08000203   Thumb Code     0  startup_stm32f103xe.o(.text)
    I2C1_ER_IRQHandler                       0x08000203   Thumb Code     0  startup_stm32f103xe.o(.text)
    I2C1_EV_IRQHandler                       0x08000203   Thumb Code     0  startup_stm32f103xe.o(.text)
    I2C2_ER_IRQHandler                       0x08000203   Thumb Code     0  startup_stm32f103xe.o(.text)
    I2C2_EV_IRQHandler                       0x08000203   Thumb Code     0  startup_stm32f103xe.o(.text)
    PVD_IRQHandler                           0x08000203   Thumb Code     0  startup_stm32f103xe.o(.text)
    RCC_IRQHandler                           0x08000203   Thumb Code     0  startup_stm32f103xe.o(.text)
    RTC_Alarm_IRQHandler                     0x08000203   Thumb Code     0  startup_stm32f103xe.o(.text)
    RTC_IRQHandler                           0x08000203   Thumb Code     0  startup_stm32f103xe.o(.text)
    SDIO_IRQHandler                          0x08000203   Thumb Code     0  startup_stm32f103xe.o(.text)
    SPI1_IRQHandler                          0x08000203   Thumb Code     0  startup_stm32f103xe.o(.text)
    SPI2_IRQHandler                          0x08000203   Thumb Code     0  startup_stm32f103xe.o(.text)
    SPI3_IRQHandler                          0x08000203   Thumb Code     0  startup_stm32f103xe.o(.text)
    TAMPER_IRQHandler                        0x08000203   Thumb Code     0  startup_stm32f103xe.o(.text)
    TIM1_BRK_IRQHandler                      0x08000203   Thumb Code     0  startup_stm32f103xe.o(.text)
    TIM1_CC_IRQHandler                       0x08000203   Thumb Code     0  startup_stm32f103xe.o(.text)
    TIM1_TRG_COM_IRQHandler                  0x08000203   Thumb Code     0  startup_stm32f103xe.o(.text)
    TIM2_IRQHandler                          0x08000203   Thumb Code     0  startup_stm32f103xe.o(.text)
    TIM3_IRQHandler                          0x08000203   Thumb Code     0  startup_stm32f103xe.o(.text)
    TIM4_IRQHandler                          0x08000203   Thumb Code     0  startup_stm32f103xe.o(.text)
    TIM5_IRQHandler                          0x08000203   Thumb Code     0  startup_stm32f103xe.o(.text)
    TIM6_IRQHandler                          0x08000203   Thumb Code     0  startup_stm32f103xe.o(.text)
    TIM7_IRQHandler                          0x08000203   Thumb Code     0  startup_stm32f103xe.o(.text)
    TIM8_BRK_IRQHandler                      0x08000203   Thumb Code     0  startup_stm32f103xe.o(.text)
    TIM8_CC_IRQHandler                       0x08000203   Thumb Code     0  startup_stm32f103xe.o(.text)
    TIM8_TRG_COM_IRQHandler                  0x08000203   Thumb Code     0  startup_stm32f103xe.o(.text)
    TIM8_UP_IRQHandler                       0x08000203   Thumb Code     0  startup_stm32f103xe.o(.text)
    UART4_IRQHandler                         0x08000203   Thumb Code     0  startup_stm32f103xe.o(.text)
    UART5_IRQHandler                         0x08000203   Thumb Code     0  startup_stm32f103xe.o(.text)
    USART1_IRQHandler                        0x08000203   Thumb Code     0  startup_stm32f103xe.o(.text)
    USART2_IRQHandler                        0x08000203   Thumb Code     0  startup_stm32f103xe.o(.text)
    USBWakeUp_IRQHandler                     0x08000203   Thumb Code     0  startup_stm32f103xe.o(.text)
    USB_HP_CAN1_TX_IRQHandler                0x08000203   Thumb Code     0  startup_stm32f103xe.o(.text)
    USB_LP_CAN1_RX0_IRQHandler               0x08000203   Thumb Code     0  startup_stm32f103xe.o(.text)
    WWDG_IRQHandler                          0x08000203   Thumb Code     0  startup_stm32f103xe.o(.text)
    __user_initial_stackheap                 0x08000205   Thumb Code     0  startup_stm32f103xe.o(.text)
    __2sprintf                               0x08000229   Thumb Code    34  noretval__2sprintf.o(.text)
    _printf_pre_padding                      0x08000251   Thumb Code    44  _printf_pad.o(.text)
    _printf_post_padding                     0x0800027d   Thumb Code    34  _printf_pad.o(.text)
    _printf_int_dec                          0x080002a1   Thumb Code   104  _printf_dec.o(.text)
    __printf                                 0x08000319   Thumb Code   308  __printf_flags_wp.o(.text)
    atoi                                     0x08000451   Thumb Code    26  atoi.o(.text)
    __aeabi_memcpy4                          0x0800046b   Thumb Code     0  rt_memcpy_w.o(.text)
    __aeabi_memcpy8                          0x0800046b   Thumb Code     0  rt_memcpy_w.o(.text)
    __rt_memcpy_w                            0x0800046b   Thumb Code   100  rt_memcpy_w.o(.text)
    _memcpy_lastbytes_aligned                0x080004b3   Thumb Code     0  rt_memcpy_w.o(.text)
    __aeabi_memclr4                          0x080004cf   Thumb Code     0  rt_memclr_w.o(.text)
    __aeabi_memclr8                          0x080004cf   Thumb Code     0  rt_memclr_w.o(.text)
    __rt_memclr_w                            0x080004cf   Thumb Code    78  rt_memclr_w.o(.text)
    _memset_w                                0x080004d3   Thumb Code     0  rt_memclr_w.o(.text)
    strncpy                                  0x0800051d   Thumb Code    86  strncpy.o(.text)
    __use_two_region_memory                  0x08000573   Thumb Code     2  heapauxi.o(.text)
    __rt_heap_escrow$2region                 0x08000575   Thumb Code     2  heapauxi.o(.text)
    __rt_heap_expand$2region                 0x08000577   Thumb Code     2  heapauxi.o(.text)
    __aeabi_errno_addr                       0x08000579   Thumb Code     8  rt_errno_addr_intlibspace.o(.text)
    __errno$intlibspace                      0x08000579   Thumb Code     0  rt_errno_addr_intlibspace.o(.text)
    __rt_errno_addr$intlibspace              0x08000579   Thumb Code     0  rt_errno_addr_intlibspace.o(.text)
    _printf_int_common                       0x08000581   Thumb Code   178  _printf_intcommon.o(.text)
    _printf_char_common                      0x0800063f   Thumb Code    32  _printf_char_common.o(.text)
    _sputc                                   0x08000665   Thumb Code    10  _sputc.o(.text)
    strtol                                   0x0800066f   Thumb Code   112  strtol.o(.text)
    __aeabi_memclr                           0x080006df   Thumb Code     0  rt_memclr.o(.text)
    __rt_memclr                              0x080006df   Thumb Code    68  rt_memclr.o(.text)
    _memset                                  0x080006e3   Thumb Code     0  rt_memclr.o(.text)
    __user_libspace                          0x08000725   Thumb Code     8  libspace.o(.text)
    __user_perproc_libspace                  0x08000725   Thumb Code     0  libspace.o(.text)
    __user_perthread_libspace                0x08000725   Thumb Code     0  libspace.o(.text)
    __rt_ctype_table                         0x0800072d   Thumb Code    16  rt_ctype_table.o(.text)
    _strtoul                                 0x0800073d   Thumb Code   158  _strtoul.o(.text)
    __user_setup_stackheap                   0x080007db   Thumb Code    74  sys_stackheap_outer.o(.text)
    __rt_locale                              0x08000825   Thumb Code     8  rt_locale_intlibspace.o(.text)
    _chval                                   0x0800082d   Thumb Code    28  _chval.o(.text)
    exit                                     0x08000849   Thumb Code    12  exit.o(.text)
    strcmp                                   0x08000855   Thumb Code   128  strcmpv7m.o(.text)
    _sys_exit                                0x080008d5   Thumb Code     8  sys_exit.o(.text)
    __I$use$semihosting                      0x080008e1   Thumb Code     0  use_no_semi.o(.text)
    __use_no_semihosting_swi                 0x080008e1   Thumb Code     2  use_no_semi.o(.text)
    BusFault_Handler                         0x080008e3   Thumb Code     4  stm32f1xx_it.o(i.BusFault_Handler)
    __semihosting_library_function           0x080008e3   Thumb Code     0  indicate_semi.o(.text)
    DMA1_Channel2_IRQHandler                 0x080008e9   Thumb Code    10  stm32f1xx_it.o(i.DMA1_Channel2_IRQHandler)
    DMA1_Channel3_IRQHandler                 0x080008f9   Thumb Code    10  stm32f1xx_it.o(i.DMA1_Channel3_IRQHandler)
    DebugMon_Handler                         0x08000935   Thumb Code     2  stm32f1xx_it.o(i.DebugMon_Handler)
    Error_Handler                            0x08000937   Thumb Code     6  main.o(i.Error_Handler)
    Get_PWM_From_Response                    0x0800093d   Thumb Code    30  servo.o(i.Get_PWM_From_Response)
    HAL_DMA_Abort                            0x0800095b   Thumb Code    86  stm32f1xx_hal_dma.o(i.HAL_DMA_Abort)
    HAL_DMA_Abort_IT                         0x080009b1   Thumb Code   414  stm32f1xx_hal_dma.o(i.HAL_DMA_Abort_IT)
    HAL_DMA_IRQHandler                       0x08000b59   Thumb Code   910  stm32f1xx_hal_dma.o(i.HAL_DMA_IRQHandler)
    HAL_DMA_Init                             0x08000ef1   Thumb Code   132  stm32f1xx_hal_dma.o(i.HAL_DMA_Init)
    HAL_DMA_Start_IT                         0x08000f7d   Thumb Code   156  stm32f1xx_hal_dma.o(i.HAL_DMA_Start_IT)
    HAL_GPIO_Init                            0x08001019   Thumb Code   792  stm32f1xx_hal_gpio.o(i.HAL_GPIO_Init)
    HAL_GetTick                              0x08001359   Thumb Code     6  stm32f1xx_hal.o(i.HAL_GetTick)
    HAL_IncTick                              0x08001365   Thumb Code    16  stm32f1xx_hal.o(i.HAL_IncTick)
    HAL_Init                                 0x0800137d   Thumb Code    34  stm32f1xx_hal.o(i.HAL_Init)
    HAL_InitTick                             0x080013a5   Thumb Code    64  stm32f1xx_hal.o(i.HAL_InitTick)
    HAL_MspInit                              0x080013f1   Thumb Code    76  stm32f1xx_hal_msp.o(i.HAL_MspInit)
    HAL_NVIC_EnableIRQ                       0x08001445   Thumb Code    32  stm32f1xx_hal_cortex.o(i.HAL_NVIC_EnableIRQ)
    HAL_NVIC_SetPriority                     0x08001465   Thumb Code   124  stm32f1xx_hal_cortex.o(i.HAL_NVIC_SetPriority)
    HAL_NVIC_SetPriorityGrouping             0x080014e1   Thumb Code    32  stm32f1xx_hal_cortex.o(i.HAL_NVIC_SetPriorityGrouping)
    HAL_RCC_ClockConfig                      0x08001509   Thumb Code   376  stm32f1xx_hal_rcc.o(i.HAL_RCC_ClockConfig)
    HAL_RCC_GetHCLKFreq                      0x08001695   Thumb Code     6  stm32f1xx_hal_rcc.o(i.HAL_RCC_GetHCLKFreq)
    HAL_RCC_GetPCLK1Freq                     0x080016a1   Thumb Code    22  stm32f1xx_hal_rcc.o(i.HAL_RCC_GetPCLK1Freq)
    HAL_RCC_GetPCLK2Freq                     0x080016c1   Thumb Code    22  stm32f1xx_hal_rcc.o(i.HAL_RCC_GetPCLK2Freq)
    HAL_RCC_GetSysClockFreq                  0x080016e1   Thumb Code    92  stm32f1xx_hal_rcc.o(i.HAL_RCC_GetSysClockFreq)
    HAL_RCC_OscConfig                        0x08001751   Thumb Code  1114  stm32f1xx_hal_rcc.o(i.HAL_RCC_OscConfig)
    HAL_SYSTICK_Config                       0x08001bb5   Thumb Code    52  stm32f1xx_hal_cortex.o(i.HAL_SYSTICK_Config)
    HAL_TIMEx_BreakCallback                  0x08001be9   Thumb Code     2  stm32f1xx_hal_tim_ex.o(i.HAL_TIMEx_BreakCallback)
    HAL_TIMEx_CommutCallback                 0x08001beb   Thumb Code     2  stm32f1xx_hal_tim_ex.o(i.HAL_TIMEx_CommutCallback)
    HAL_TIMEx_MasterConfigSynchronization    0x08001bed   Thumb Code   134  stm32f1xx_hal_tim_ex.o(i.HAL_TIMEx_MasterConfigSynchronization)
    HAL_TIM_Base_Init                        0x08001c89   Thumb Code   102  stm32f1xx_hal_tim.o(i.HAL_TIM_Base_Init)
    HAL_TIM_Base_MspInit                     0x08001cf1   Thumb Code    58  tim.o(i.HAL_TIM_Base_MspInit)
    HAL_TIM_Base_Start_IT                    0x08001d35   Thumb Code   122  stm32f1xx_hal_tim.o(i.HAL_TIM_Base_Start_IT)
    HAL_TIM_ConfigClockSource                0x08001dc5   Thumb Code   268  stm32f1xx_hal_tim.o(i.HAL_TIM_ConfigClockSource)
    HAL_TIM_IC_CaptureCallback               0x08001ed1   Thumb Code     2  stm32f1xx_hal_tim.o(i.HAL_TIM_IC_CaptureCallback)
    HAL_TIM_IRQHandler                       0x08001ed3   Thumb Code   406  stm32f1xx_hal_tim.o(i.HAL_TIM_IRQHandler)
    HAL_TIM_OC_DelayElapsedCallback          0x08002069   Thumb Code     2  stm32f1xx_hal_tim.o(i.HAL_TIM_OC_DelayElapsedCallback)
    HAL_TIM_PWM_PulseFinishedCallback        0x0800206b   Thumb Code     2  stm32f1xx_hal_tim.o(i.HAL_TIM_PWM_PulseFinishedCallback)
    HAL_TIM_PeriodElapsedCallback            0x0800206d   Thumb Code   254  main.o(i.HAL_TIM_PeriodElapsedCallback)
    HAL_TIM_TriggerCallback                  0x08002181   Thumb Code     2  stm32f1xx_hal_tim.o(i.HAL_TIM_TriggerCallback)
    HAL_UARTEx_RxEventCallback               0x08002183   Thumb Code     2  stm32f1xx_hal_uart.o(i.HAL_UARTEx_RxEventCallback)
    HAL_UART_ErrorCallback                   0x08002185   Thumb Code     2  stm32f1xx_hal_uart.o(i.HAL_UART_ErrorCallback)
    HAL_UART_IRQHandler                      0x08002189   Thumb Code   736  stm32f1xx_hal_uart.o(i.HAL_UART_IRQHandler)
    HAL_UART_Init                            0x0800246d   Thumb Code   118  stm32f1xx_hal_uart.o(i.HAL_UART_Init)
    HAL_UART_MspInit                         0x080024e5   Thumb Code   264  usart.o(i.HAL_UART_MspInit)
    HAL_UART_Receive_DMA                     0x08002609   Thumb Code    44  stm32f1xx_hal_uart.o(i.HAL_UART_Receive_DMA)
    HAL_UART_RxCpltCallback                  0x08002635   Thumb Code   242  main.o(i.HAL_UART_RxCpltCallback)
    HAL_UART_RxHalfCpltCallback              0x08002741   Thumb Code     2  stm32f1xx_hal_uart.o(i.HAL_UART_RxHalfCpltCallback)
    HAL_UART_Transmit_DMA                    0x08002745   Thumb Code   128  stm32f1xx_hal_uart.o(i.HAL_UART_Transmit_DMA)
    HAL_UART_TxCpltCallback                  0x080027d1   Thumb Code     2  stm32f1xx_hal_uart.o(i.HAL_UART_TxCpltCallback)
    HAL_UART_TxHalfCpltCallback              0x080027d3   Thumb Code     2  stm32f1xx_hal_uart.o(i.HAL_UART_TxHalfCpltCallback)
    HardFault_Handler                        0x080027d5   Thumb Code     4  stm32f1xx_it.o(i.HardFault_Handler)
    MX_DMA_Init                              0x080027d9   Thumb Code    64  dma.o(i.MX_DMA_Init)
    MX_GPIO_Init                             0x0800281d   Thumb Code    84  gpio.o(i.MX_GPIO_Init)
    MX_TIM1_Init                             0x08002875   Thumb Code   104  tim.o(i.MX_TIM1_Init)
    MX_USART3_UART_Init                      0x080028e5   Thumb Code    46  usart.o(i.MX_USART3_UART_Init)
    MemManage_Handler                        0x0800291d   Thumb Code     4  stm32f1xx_it.o(i.MemManage_Handler)
    NMI_Handler                              0x08002921   Thumb Code     4  stm32f1xx_it.o(i.NMI_Handler)
    PendSV_Handler                           0x08002925   Thumb Code     2  stm32f1xx_it.o(i.PendSV_Handler)
    SVC_Handler                              0x08002951   Thumb Code     2  stm32f1xx_it.o(i.SVC_Handler)
    Servo_Get_Position                       0x08002955   Thumb Code    32  servo.o(i.Servo_Get_Position)
    Servo_Init                               0x08002989   Thumb Code   214  servo.o(i.Servo_Init)
    Servo_Set_Angle                          0x08002a75   Thumb Code   138  servo.o(i.Servo_Set_Angle)
    Servo_Set_PWM                            0x08002b09   Thumb Code    66  servo.o(i.Servo_Set_PWM)
    SysTick_Handler                          0x08002b69   Thumb Code     8  stm32f1xx_it.o(i.SysTick_Handler)
    SystemClock_Config                       0x08002b71   Thumb Code   102  main.o(i.SystemClock_Config)
    SystemInit                               0x08002bd7   Thumb Code     2  system_stm32f1xx.o(i.SystemInit)
    TIM1_UP_IRQHandler                       0x08002bd9   Thumb Code    10  stm32f1xx_it.o(i.TIM1_UP_IRQHandler)
    TIM_Base_SetConfig                       0x08002be9   Thumb Code   134  stm32f1xx_hal_tim.o(i.TIM_Base_SetConfig)
    TIM_ETR_SetConfig                        0x08002c85   Thumb Code    22  stm32f1xx_hal_tim.o(i.TIM_ETR_SetConfig)
    UART_Start_Receive_DMA                   0x08003149   Thumb Code   186  stm32f1xx_hal_uart.o(i.UART_Start_Receive_DMA)
    USART3_IRQHandler                        0x08003271   Thumb Code    10  stm32f1xx_it.o(i.USART3_IRQHandler)
    UsageFault_Handler                       0x08003281   Thumb Code     4  stm32f1xx_it.o(i.UsageFault_Handler)
    _is_digit                                0x080032bd   Thumb Code    14  __printf_wp.o(i._is_digit)
    main                                     0x080032cd   Thumb Code    92  main.o(i.main)
    _get_lc_ctype                            0x08003349   Thumb Code    44  lc_ctype_c.o(locale$$code)
    __aeabi_fadd                             0x08003375   Thumb Code     0  faddsub_clz.o(x$fpl$fadd)
    _fadd                                    0x08003375   Thumb Code   196  faddsub_clz.o(x$fpl$fadd)
    __fpl_fcmp_Inf                           0x08003439   Thumb Code    24  fcmpi.o(x$fpl$fcmpinf)
    __aeabi_fdiv                             0x08003451   Thumb Code     0  fdiv.o(x$fpl$fdiv)
    _fdiv                                    0x08003451   Thumb Code   384  fdiv.o(x$fpl$fdiv)
    __aeabi_f2uiz                            0x080035d5   Thumb Code     0  ffixu.o(x$fpl$ffixu)
    _ffixu                                   0x080035d5   Thumb Code    62  ffixu.o(x$fpl$ffixu)
    __aeabi_i2f                              0x08003615   Thumb Code     0  fflt_clz.o(x$fpl$fflt)
    _fflt                                    0x08003615   Thumb Code    48  fflt_clz.o(x$fpl$fflt)
    __aeabi_cfcmple                          0x08003645   Thumb Code     0  fleqf.o(x$fpl$fleqf)
    _fcmple                                  0x08003645   Thumb Code   104  fleqf.o(x$fpl$fleqf)
    __fpl_fcmple_InfNaN                      0x08003697   Thumb Code     0  fleqf.o(x$fpl$fleqf)
    __aeabi_fmul                             0x080036ad   Thumb Code     0  fmul.o(x$fpl$fmul)
    _fmul                                    0x080036ad   Thumb Code   258  fmul.o(x$fpl$fmul)
    __fpl_fnaninf                            0x080037af   Thumb Code   140  fnaninf.o(x$fpl$fnaninf)
    __fpl_fretinf                            0x0800383b   Thumb Code    10  fretinf.o(x$fpl$fretinf)
    __aeabi_cfrcmple                         0x08003845   Thumb Code     0  frleqf.o(x$fpl$frleqf)
    _frcmple                                 0x08003845   Thumb Code    98  frleqf.o(x$fpl$frleqf)
    __aeabi_fsub                             0x080038a9   Thumb Code     0  faddsub_clz.o(x$fpl$fsub)
    _fsub                                    0x080038a9   Thumb Code   234  faddsub_clz.o(x$fpl$fsub)
    __I$use$fp                               0x08003992   Number         0  usenofp.o(x$fpl$usenofp)
    AHBPrescTable                            0x080039a4   Data          16  system_stm32f1xx.o(.constdata)
    APBPrescTable                            0x080039b4   Data           8  system_stm32f1xx.o(.constdata)
    Region$$Table$$Base                      0x080039d0   Number         0  anon$$obj.o(Region$$Table)
    Region$$Table$$Limit                     0x080039f0   Number         0  anon$$obj.o(Region$$Table)
    __ctype                                  0x080039fd   Data           0  lc_ctype_c.o(locale$$data)
    Servo_Control_State                      0x20000000   Data           1  servo.o(.data)
    Servo_Control_Mode                       0x20000001   Data           1  servo.o(.data)
    Servo_UART_Rx_Byte                       0x20000002   Data           1  servo.o(.data)
    Servo_0_Rx_Start_Flag                    0x20000003   Data           1  main.o(.data)
    Servo_1_Rx_Start_Flag                    0x20000004   Data           1  main.o(.data)
    uwTick                                   0x20000008   Data           4  stm32f1xx_hal.o(.data)
    uwTickPrio                               0x2000000c   Data           4  stm32f1xx_hal.o(.data)
    uwTickFreq                               0x20000010   Data           1  stm32f1xx_hal.o(.data)
    SystemCoreClock                          0x20000014   Data           4  system_stm32f1xx.o(.data)
    Servo_0                                  0x20000018   Data          56  servo.o(.bss)
    Servo_1                                  0x20000050   Data          56  servo.o(.bss)
    cmd                                      0x20000088   Data          50  servo.o(.bss)
    htim1                                    0x200000bc   Data          72  tim.o(.bss)
    huart3                                   0x20000104   Data          72  usart.o(.bss)
    hdma_usart3_rx                           0x2000014c   Data          68  usart.o(.bss)
    hdma_usart3_tx                           0x20000190   Data          68  usart.o(.bss)
    __libspace_start                         0x200001d4   Data          96  libspace.o(.bss)
    __temporary_stack_top$libspace           0x20000234   Data           0  libspace.o(.bss)



==============================================================================

Memory Map of the image

  Image Entry point : 0x08000131

  Load Region LR_IROM1 (Base: 0x08000000, Size: 0x00003b18, Max: 0x00040000, ABSOLUTE)

    Execution Region ER_IROM1 (Base: 0x08000000, Size: 0x00003b00, Max: 0x00040000, ABSOLUTE)

    Base Addr    Size         Type   Attr      Idx    E Section Name        Object

    0x08000000   0x00000130   Data   RO            3    RESET               startup_stm32f103xe.o
    0x08000130   0x00000008   Code   RO         3029  * !!!main             c_w.l(__main.o)
    0x08000138   0x00000034   Code   RO         3252    !!!scatter          c_w.l(__scatter.o)
    0x0800016c   0x0000001a   Code   RO         3254    !!handler_copy      c_w.l(__scatter_copy.o)
    0x08000186   0x00000002   PAD
    0x08000188   0x0000001c   Code   RO         3256    !!handler_zi        c_w.l(__scatter_zi.o)
    0x080001a4   0x00000000   Code   RO         3018    .ARM.Collect$$_printf_percent$$00000000  c_w.l(_printf_percent.o)
    0x080001a4   0x00000006   Code   RO         3017    .ARM.Collect$$_printf_percent$$00000009  c_w.l(_printf_d.o)
    0x080001aa   0x00000004   Code   RO         3069    .ARM.Collect$$_printf_percent$$00000017  c_w.l(_printf_percent_end.o)
    0x080001ae   0x00000002   Code   RO         3124    .ARM.Collect$$libinit$$00000000  c_w.l(libinit.o)
    0x080001b0   0x00000000   Code   RO         3130    .ARM.Collect$$libinit$$00000002  c_w.l(libinit2.o)
    0x080001b0   0x00000000   Code   RO         3132    .ARM.Collect$$libinit$$00000004  c_w.l(libinit2.o)
    0x080001b0   0x00000000   Code   RO         3135    .ARM.Collect$$libinit$$0000000A  c_w.l(libinit2.o)
    0x080001b0   0x00000000   Code   RO         3137    .ARM.Collect$$libinit$$0000000C  c_w.l(libinit2.o)
    0x080001b0   0x00000000   Code   RO         3139    .ARM.Collect$$libinit$$0000000E  c_w.l(libinit2.o)
    0x080001b0   0x00000006   Code   RO         3140    .ARM.Collect$$libinit$$0000000F  c_w.l(libinit2.o)
    0x080001b6   0x00000000   Code   RO         3142    .ARM.Collect$$libinit$$00000011  c_w.l(libinit2.o)
    0x080001b6   0x0000000c   Code   RO         3143    .ARM.Collect$$libinit$$00000012  c_w.l(libinit2.o)
    0x080001c2   0x00000000   Code   RO         3144    .ARM.Collect$$libinit$$00000013  c_w.l(libinit2.o)
    0x080001c2   0x00000000   Code   RO         3146    .ARM.Collect$$libinit$$00000015  c_w.l(libinit2.o)
    0x080001c2   0x00000000   Code   RO         3148    .ARM.Collect$$libinit$$00000017  c_w.l(libinit2.o)
    0x080001c2   0x00000000   Code   RO         3150    .ARM.Collect$$libinit$$00000019  c_w.l(libinit2.o)
    0x080001c2   0x00000000   Code   RO         3152    .ARM.Collect$$libinit$$0000001B  c_w.l(libinit2.o)
    0x080001c2   0x00000000   Code   RO         3154    .ARM.Collect$$libinit$$0000001D  c_w.l(libinit2.o)
    0x080001c2   0x00000000   Code   RO         3156    .ARM.Collect$$libinit$$0000001F  c_w.l(libinit2.o)
    0x080001c2   0x00000000   Code   RO         3158    .ARM.Collect$$libinit$$00000021  c_w.l(libinit2.o)
    0x080001c2   0x00000000   Code   RO         3160    .ARM.Collect$$libinit$$00000023  c_w.l(libinit2.o)
    0x080001c2   0x00000000   Code   RO         3162    .ARM.Collect$$libinit$$00000025  c_w.l(libinit2.o)
    0x080001c2   0x00000000   Code   RO         3166    .ARM.Collect$$libinit$$0000002C  c_w.l(libinit2.o)
    0x080001c2   0x00000000   Code   RO         3168    .ARM.Collect$$libinit$$0000002E  c_w.l(libinit2.o)
    0x080001c2   0x00000000   Code   RO         3170    .ARM.Collect$$libinit$$00000030  c_w.l(libinit2.o)
    0x080001c2   0x00000000   Code   RO         3172    .ARM.Collect$$libinit$$00000032  c_w.l(libinit2.o)
    0x080001c2   0x00000002   Code   RO         3173    .ARM.Collect$$libinit$$00000033  c_w.l(libinit2.o)
    0x080001c4   0x00000002   Code   RO         3193    .ARM.Collect$$libshutdown$$00000000  c_w.l(libshutdown.o)
    0x080001c6   0x00000000   Code   RO         3207    .ARM.Collect$$libshutdown$$00000003  c_w.l(libshutdown2.o)
    0x080001c6   0x00000000   Code   RO         3210    .ARM.Collect$$libshutdown$$00000006  c_w.l(libshutdown2.o)
    0x080001c6   0x00000000   Code   RO         3213    .ARM.Collect$$libshutdown$$00000009  c_w.l(libshutdown2.o)
    0x080001c6   0x00000000   Code   RO         3215    .ARM.Collect$$libshutdown$$0000000B  c_w.l(libshutdown2.o)
    0x080001c6   0x00000000   Code   RO         3218    .ARM.Collect$$libshutdown$$0000000E  c_w.l(libshutdown2.o)
    0x080001c6   0x00000002   Code   RO         3219    .ARM.Collect$$libshutdown$$0000000F  c_w.l(libshutdown2.o)
    0x080001c8   0x00000000   Code   RO         3057    .ARM.Collect$$rtentry$$00000000  c_w.l(__rtentry.o)
    0x080001c8   0x00000000   Code   RO         3085    .ARM.Collect$$rtentry$$00000002  c_w.l(__rtentry2.o)
    0x080001c8   0x00000006   Code   RO         3097    .ARM.Collect$$rtentry$$00000004  c_w.l(__rtentry4.o)
    0x080001ce   0x00000000   Code   RO         3087    .ARM.Collect$$rtentry$$00000009  c_w.l(__rtentry2.o)
    0x080001ce   0x00000004   Code   RO         3088    .ARM.Collect$$rtentry$$0000000A  c_w.l(__rtentry2.o)
    0x080001d2   0x00000000   Code   RO         3090    .ARM.Collect$$rtentry$$0000000C  c_w.l(__rtentry2.o)
    0x080001d2   0x00000008   Code   RO         3091    .ARM.Collect$$rtentry$$0000000D  c_w.l(__rtentry2.o)
    0x080001da   0x00000002   Code   RO         3125    .ARM.Collect$$rtexit$$00000000  c_w.l(rtexit.o)
    0x080001dc   0x00000000   Code   RO         3175    .ARM.Collect$$rtexit$$00000002  c_w.l(rtexit2.o)
    0x080001dc   0x00000004   Code   RO         3176    .ARM.Collect$$rtexit$$00000003  c_w.l(rtexit2.o)
    0x080001e0   0x00000006   Code   RO         3177    .ARM.Collect$$rtexit$$00000004  c_w.l(rtexit2.o)
    0x080001e6   0x00000002   PAD
    0x080001e8   0x00000040   Code   RO            4    .text               startup_stm32f103xe.o
    0x08000228   0x00000028   Code   RO         2989    .text               c_w.l(noretval__2sprintf.o)
    0x08000250   0x0000004e   Code   RO         2993    .text               c_w.l(_printf_pad.o)
    0x0800029e   0x00000002   PAD
    0x080002a0   0x00000078   Code   RO         2995    .text               c_w.l(_printf_dec.o)
    0x08000318   0x00000138   Code   RO         3009    .text               c_w.l(__printf_flags_wp.o)
    0x08000450   0x0000001a   Code   RO         3019    .text               c_w.l(atoi.o)
    0x0800046a   0x00000064   Code   RO         3021    .text               c_w.l(rt_memcpy_w.o)
    0x080004ce   0x0000004e   Code   RO         3023    .text               c_w.l(rt_memclr_w.o)
    0x0800051c   0x00000056   Code   RO         3025    .text               c_w.l(strncpy.o)
    0x08000572   0x00000006   Code   RO         3027    .text               c_w.l(heapauxi.o)
    0x08000578   0x00000008   Code   RO         3061    .text               c_w.l(rt_errno_addr_intlibspace.o)
    0x08000580   0x000000b2   Code   RO         3063    .text               c_w.l(_printf_intcommon.o)
    0x08000632   0x00000002   PAD
    0x08000634   0x00000030   Code   RO         3065    .text               c_w.l(_printf_char_common.o)
    0x08000664   0x0000000a   Code   RO         3067    .text               c_w.l(_sputc.o)
    0x0800066e   0x00000070   Code   RO         3070    .text               c_w.l(strtol.o)
    0x080006de   0x00000044   Code   RO         3072    .text               c_w.l(rt_memclr.o)
    0x08000722   0x00000002   PAD
    0x08000724   0x00000008   Code   RO         3081    .text               c_w.l(libspace.o)
    0x0800072c   0x00000010   Code   RO         3099    .text               c_w.l(rt_ctype_table.o)
    0x0800073c   0x0000009e   Code   RO         3103    .text               c_w.l(_strtoul.o)
    0x080007da   0x0000004a   Code   RO         3105    .text               c_w.l(sys_stackheap_outer.o)
    0x08000824   0x00000008   Code   RO         3110    .text               c_w.l(rt_locale_intlibspace.o)
    0x0800082c   0x0000001c   Code   RO         3112    .text               c_w.l(_chval.o)
    0x08000848   0x0000000c   Code   RO         3117    .text               c_w.l(exit.o)
    0x08000854   0x00000080   Code   RO         3127    .text               c_w.l(strcmpv7m.o)
    0x080008d4   0x0000000c   Code   RO         3185    .text               c_w.l(sys_exit.o)
    0x080008e0   0x00000002   Code   RO         3196    .text               c_w.l(use_no_semi.o)
    0x080008e2   0x00000000   Code   RO         3198    .text               c_w.l(indicate_semi.o)
    0x080008e2   0x00000004   Code   RO          424    i.BusFault_Handler  stm32f1xx_it.o
    0x080008e6   0x00000002   PAD
    0x080008e8   0x00000010   Code   RO          425    i.DMA1_Channel2_IRQHandler  stm32f1xx_it.o
    0x080008f8   0x00000010   Code   RO          426    i.DMA1_Channel3_IRQHandler  stm32f1xx_it.o
    0x08000908   0x0000002c   Code   RO         1953    i.DMA_SetConfig     stm32f1xx_hal_dma.o
    0x08000934   0x00000002   Code   RO          427    i.DebugMon_Handler  stm32f1xx_it.o
    0x08000936   0x00000006   Code   RO          230    i.Error_Handler     main.o
    0x0800093c   0x0000001e   Code   RO           13    i.Get_PWM_From_Response  servo.o
    0x0800095a   0x00000056   Code   RO         1954    i.HAL_DMA_Abort     stm32f1xx_hal_dma.o
    0x080009b0   0x000001a8   Code   RO         1955    i.HAL_DMA_Abort_IT  stm32f1xx_hal_dma.o
    0x08000b58   0x00000398   Code   RO         1959    i.HAL_DMA_IRQHandler  stm32f1xx_hal_dma.o
    0x08000ef0   0x0000008c   Code   RO         1960    i.HAL_DMA_Init      stm32f1xx_hal_dma.o
    0x08000f7c   0x0000009c   Code   RO         1964    i.HAL_DMA_Start_IT  stm32f1xx_hal_dma.o
    0x08001018   0x00000340   Code   RO         1890    i.HAL_GPIO_Init     stm32f1xx_hal_gpio.o
    0x08001358   0x0000000c   Code   RO         1579    i.HAL_GetTick       stm32f1xx_hal.o
    0x08001364   0x00000018   Code   RO         1585    i.HAL_IncTick       stm32f1xx_hal.o
    0x0800137c   0x00000028   Code   RO         1586    i.HAL_Init          stm32f1xx_hal.o
    0x080013a4   0x0000004c   Code   RO         1587    i.HAL_InitTick      stm32f1xx_hal.o
    0x080013f0   0x00000054   Code   RO          524    i.HAL_MspInit       stm32f1xx_hal_msp.o
    0x08001444   0x00000020   Code   RO         2050    i.HAL_NVIC_EnableIRQ  stm32f1xx_hal_cortex.o
    0x08001464   0x0000007c   Code   RO         2056    i.HAL_NVIC_SetPriority  stm32f1xx_hal_cortex.o
    0x080014e0   0x00000028   Code   RO         2057    i.HAL_NVIC_SetPriorityGrouping  stm32f1xx_hal_cortex.o
    0x08001508   0x0000018c   Code   RO         1743    i.HAL_RCC_ClockConfig  stm32f1xx_hal_rcc.o
    0x08001694   0x0000000c   Code   RO         1748    i.HAL_RCC_GetHCLKFreq  stm32f1xx_hal_rcc.o
    0x080016a0   0x00000020   Code   RO         1750    i.HAL_RCC_GetPCLK1Freq  stm32f1xx_hal_rcc.o
    0x080016c0   0x00000020   Code   RO         1751    i.HAL_RCC_GetPCLK2Freq  stm32f1xx_hal_rcc.o
    0x080016e0   0x00000070   Code   RO         1752    i.HAL_RCC_GetSysClockFreq  stm32f1xx_hal_rcc.o
    0x08001750   0x00000464   Code   RO         1755    i.HAL_RCC_OscConfig  stm32f1xx_hal_rcc.o
    0x08001bb4   0x00000034   Code   RO         2061    i.HAL_SYSTICK_Config  stm32f1xx_hal_cortex.o
    0x08001be8   0x00000002   Code   RO         1301    i.HAL_TIMEx_BreakCallback  stm32f1xx_hal_tim_ex.o
    0x08001bea   0x00000002   Code   RO         1302    i.HAL_TIMEx_CommutCallback  stm32f1xx_hal_tim_ex.o
    0x08001bec   0x0000009c   Code   RO         1320    i.HAL_TIMEx_MasterConfigSynchronization  stm32f1xx_hal_tim_ex.o
    0x08001c88   0x00000066   Code   RO          586    i.HAL_TIM_Base_Init  stm32f1xx_hal_tim.o
    0x08001cee   0x00000002   PAD
    0x08001cf0   0x00000044   Code   RO          341    i.HAL_TIM_Base_MspInit  tim.o
    0x08001d34   0x00000090   Code   RO          591    i.HAL_TIM_Base_Start_IT  stm32f1xx_hal_tim.o
    0x08001dc4   0x0000010c   Code   RO          595    i.HAL_TIM_ConfigClockSource  stm32f1xx_hal_tim.o
    0x08001ed0   0x00000002   Code   RO          620    i.HAL_TIM_IC_CaptureCallback  stm32f1xx_hal_tim.o
    0x08001ed2   0x00000196   Code   RO          634    i.HAL_TIM_IRQHandler  stm32f1xx_hal_tim.o
    0x08002068   0x00000002   Code   RO          637    i.HAL_TIM_OC_DelayElapsedCallback  stm32f1xx_hal_tim.o
    0x0800206a   0x00000002   Code   RO          664    i.HAL_TIM_PWM_PulseFinishedCallback  stm32f1xx_hal_tim.o
    0x0800206c   0x00000114   Code   RO          231    i.HAL_TIM_PeriodElapsedCallback  main.o
    0x08002180   0x00000002   Code   RO          677    i.HAL_TIM_TriggerCallback  stm32f1xx_hal_tim.o
    0x08002182   0x00000002   Code   RO         2588    i.HAL_UARTEx_RxEventCallback  stm32f1xx_hal_uart.o
    0x08002184   0x00000002   Code   RO         2602    i.HAL_UART_ErrorCallback  stm32f1xx_hal_uart.o
    0x08002186   0x00000002   PAD
    0x08002188   0x000002e4   Code   RO         2605    i.HAL_UART_IRQHandler  stm32f1xx_hal_uart.o
    0x0800246c   0x00000076   Code   RO         2606    i.HAL_UART_Init     stm32f1xx_hal_uart.o
    0x080024e2   0x00000002   PAD
    0x080024e4   0x00000124   Code   RO          383    i.HAL_UART_MspInit  usart.o
    0x08002608   0x0000002c   Code   RO         2610    i.HAL_UART_Receive_DMA  stm32f1xx_hal_uart.o
    0x08002634   0x0000010c   Code   RO          232    i.HAL_UART_RxCpltCallback  main.o
    0x08002740   0x00000002   Code   RO         2613    i.HAL_UART_RxHalfCpltCallback  stm32f1xx_hal_uart.o
    0x08002742   0x00000002   PAD
    0x08002744   0x0000008c   Code   RO         2615    i.HAL_UART_Transmit_DMA  stm32f1xx_hal_uart.o
    0x080027d0   0x00000002   Code   RO         2617    i.HAL_UART_TxCpltCallback  stm32f1xx_hal_uart.o
    0x080027d2   0x00000002   Code   RO         2618    i.HAL_UART_TxHalfCpltCallback  stm32f1xx_hal_uart.o
    0x080027d4   0x00000004   Code   RO          428    i.HardFault_Handler  stm32f1xx_it.o
    0x080027d8   0x00000044   Code   RO          316    i.MX_DMA_Init       dma.o
    0x0800281c   0x00000058   Code   RO          292    i.MX_GPIO_Init      gpio.o
    0x08002874   0x00000070   Code   RO          342    i.MX_TIM1_Init      tim.o
    0x080028e4   0x00000038   Code   RO          384    i.MX_USART3_UART_Init  usart.o
    0x0800291c   0x00000004   Code   RO          429    i.MemManage_Handler  stm32f1xx_it.o
    0x08002920   0x00000004   Code   RO          430    i.NMI_Handler       stm32f1xx_it.o
    0x08002924   0x00000002   Code   RO          431    i.PendSV_Handler    stm32f1xx_it.o
    0x08002926   0x00000002   PAD
    0x08002928   0x00000028   Code   RO         1756    i.RCC_Delay         stm32f1xx_hal_rcc.o
    0x08002950   0x00000002   Code   RO          432    i.SVC_Handler       stm32f1xx_it.o
    0x08002952   0x00000002   PAD
    0x08002954   0x00000034   Code   RO           14    i.Servo_Get_Position  servo.o
    0x08002988   0x000000ec   Code   RO           15    i.Servo_Init        servo.o
    0x08002a74   0x00000094   Code   RO           17    i.Servo_Set_Angle   servo.o
    0x08002b08   0x00000060   Code   RO           19    i.Servo_Set_PWM     servo.o
    0x08002b68   0x00000008   Code   RO          433    i.SysTick_Handler   stm32f1xx_it.o
    0x08002b70   0x00000066   Code   RO          233    i.SystemClock_Config  main.o
    0x08002bd6   0x00000002   Code   RO         2950    i.SystemInit        system_stm32f1xx.o
    0x08002bd8   0x00000010   Code   RO          434    i.TIM1_UP_IRQHandler  stm32f1xx_it.o
    0x08002be8   0x0000009c   Code   RO          679    i.TIM_Base_SetConfig  stm32f1xx_hal_tim.o
    0x08002c84   0x00000016   Code   RO          690    i.TIM_ETR_SetConfig  stm32f1xx_hal_tim.o
    0x08002c9a   0x00000012   Code   RO          691    i.TIM_ITRx_SetConfig  stm32f1xx_hal_tim.o
    0x08002cac   0x00000026   Code   RO          697    i.TIM_TI1_ConfigInputStage  stm32f1xx_hal_tim.o
    0x08002cd2   0x00000028   Code   RO          699    i.TIM_TI2_ConfigInputStage  stm32f1xx_hal_tim.o
    0x08002cfa   0x00000014   Code   RO         2619    i.UART_DMAAbortOnError  stm32f1xx_hal_uart.o
    0x08002d0e   0x00000050   Code   RO         2620    i.UART_DMAError     stm32f1xx_hal_uart.o
    0x08002d5e   0x000000b4   Code   RO         2621    i.UART_DMAReceiveCplt  stm32f1xx_hal_uart.o
    0x08002e12   0x00000024   Code   RO         2623    i.UART_DMARxHalfCplt  stm32f1xx_hal_uart.o
    0x08002e36   0x00000058   Code   RO         2625    i.UART_DMATransmitCplt  stm32f1xx_hal_uart.o
    0x08002e8e   0x0000000e   Code   RO         2627    i.UART_DMATxHalfCplt  stm32f1xx_hal_uart.o
    0x08002e9c   0x0000006c   Code   RO         2629    i.UART_EndRxTransfer  stm32f1xx_hal_uart.o
    0x08002f08   0x00000020   Code   RO         2630    i.UART_EndTransmit_IT  stm32f1xx_hal_uart.o
    0x08002f28   0x00000026   Code   RO         2631    i.UART_EndTxTransfer  stm32f1xx_hal_uart.o
    0x08002f4e   0x000000fc   Code   RO         2632    i.UART_Receive_IT   stm32f1xx_hal_uart.o
    0x0800304a   0x00000002   PAD
    0x0800304c   0x000000fc   Code   RO         2633    i.UART_SetConfig    stm32f1xx_hal_uart.o
    0x08003148   0x000000c8   Code   RO         2634    i.UART_Start_Receive_DMA  stm32f1xx_hal_uart.o
    0x08003210   0x00000060   Code   RO         2636    i.UART_Transmit_IT  stm32f1xx_hal_uart.o
    0x08003270   0x00000010   Code   RO          435    i.USART3_IRQHandler  stm32f1xx_it.o
    0x08003280   0x00000004   Code   RO          436    i.UsageFault_Handler  stm32f1xx_it.o
    0x08003284   0x00000010   Code   RO         2063    i.__NVIC_GetPriorityGrouping  stm32f1xx_hal_cortex.o
    0x08003294   0x00000028   Code   RO         2064    i.__NVIC_SetPriority  stm32f1xx_hal_cortex.o
    0x080032bc   0x0000000e   Code   RO         3007    i._is_digit         c_w.l(__printf_wp.o)
    0x080032ca   0x00000002   PAD
    0x080032cc   0x0000007c   Code   RO          234    i.main              main.o
    0x08003348   0x0000002c   Code   RO         3115    locale$$code        c_w.l(lc_ctype_c.o)
    0x08003374   0x000000c4   Code   RO         3031    x$fpl$fadd          fz_ws.l(faddsub_clz.o)
    0x08003438   0x00000018   Code   RO         3074    x$fpl$fcmpinf       fz_ws.l(fcmpi.o)
    0x08003450   0x00000184   Code   RO         3038    x$fpl$fdiv          fz_ws.l(fdiv.o)
    0x080035d4   0x0000003e   Code   RO         3041    x$fpl$ffixu         fz_ws.l(ffixu.o)
    0x08003612   0x00000002   PAD
    0x08003614   0x00000030   Code   RO         3046    x$fpl$fflt          fz_ws.l(fflt_clz.o)
    0x08003644   0x00000068   Code   RO         3051    x$fpl$fleqf         fz_ws.l(fleqf.o)
    0x080036ac   0x00000102   Code   RO         3053    x$fpl$fmul          fz_ws.l(fmul.o)
    0x080037ae   0x0000008c   Code   RO         3076    x$fpl$fnaninf       fz_ws.l(fnaninf.o)
    0x0800383a   0x0000000a   Code   RO         3078    x$fpl$fretinf       fz_ws.l(fretinf.o)
    0x08003844   0x00000062   Code   RO         3055    x$fpl$frleqf        fz_ws.l(frleqf.o)
    0x080038a6   0x00000002   PAD
    0x080038a8   0x000000ea   Code   RO         3033    x$fpl$fsub          fz_ws.l(faddsub_clz.o)
    0x08003992   0x00000000   Code   RO         3080    x$fpl$usenofp       fz_ws.l(usenofp.o)
    0x08003992   0x00000012   Data   RO         1757    .constdata          stm32f1xx_hal_rcc.o
    0x080039a4   0x00000018   Data   RO         2951    .constdata          system_stm32f1xx.o
    0x080039bc   0x00000011   Data   RO         3010    .constdata          c_w.l(__printf_flags_wp.o)
    0x080039cd   0x00000003   PAD
    0x080039d0   0x00000020   Data   RO         3250    Region$$Table       anon$$obj.o
    0x080039f0   0x00000110   Data   RO         3114    locale$$data        c_w.l(lc_ctype_c.o)


    Execution Region RW_IRAM1 (Base: 0x20000000, Size: 0x00000838, Max: 0x0000c000, ABSOLUTE)

    Base Addr    Size         Type   Attr      Idx    E Section Name        Object

    0x20000000   0x00000003   Data   RW           22    .data               servo.o
    0x20000003   0x00000002   Data   RW          235    .data               main.o
    0x20000005   0x00000003   PAD
    0x20000008   0x00000009   Data   RW         1593    .data               stm32f1xx_hal.o
    0x20000011   0x00000003   PAD
    0x20000014   0x00000004   Data   RW         2952    .data               system_stm32f1xx.o
    0x20000018   0x000000a2   Zero   RW           21    .bss                servo.o
    0x200000ba   0x00000002   PAD
    0x200000bc   0x00000048   Zero   RW          343    .bss                tim.o
    0x20000104   0x000000d0   Zero   RW          385    .bss                usart.o
    0x200001d4   0x00000060   Zero   RW         3082    .bss                c_w.l(libspace.o)
    0x20000234   0x00000004   PAD
    0x20000238   0x00000200   Zero   RW            2    HEAP                startup_stm32f103xe.o
    0x20000438   0x00000400   Zero   RW            1    STACK               startup_stm32f103xe.o


==============================================================================

Image component sizes


      Code (inc. data)   RO Data    RW Data    ZI Data      Debug   Object Name

        68          4          0          0          0        722   dma.o
        88          4          0          0          0        791   gpio.o
       776         80          0          2          0       3356   main.o
       562         82          0          3        162     490016   servo.o
        64         26        304          0       1536        796   startup_stm32f103xe.o
       152         32          0          9          0       5777   stm32f1xx_hal.o
       304         22          0          0          0      29255   stm32f1xx_hal_cortex.o
      1770         28          0          0          0       5106   stm32f1xx_hal_dma.o
       832         40          0          0          0       2024   stm32f1xx_hal_gpio.o
        84          8          0          0          0        862   stm32f1xx_hal_msp.o
      1748         98         18          0          0       5816   stm32f1xx_hal_rcc.o
      1202         44          0          0          0       8959   stm32f1xx_hal_tim.o
       160         22          0          0          0       2353   stm32f1xx_hal_tim_ex.o
      2448         34          0          0          0      15538   stm32f1xx_hal_uart.o
        98         24          0          0          0       5617   stm32f1xx_it.o
         2          0         24          4          0       1071   system_stm32f1xx.o
       180         18          0          0         72       1578   tim.o
       348         38          0          0        208       1840   usart.o

    ----------------------------------------------------------------------
     10902        604        378         24       1980     581477   Object Totals
         0          0         32          0          0          0   (incl. Generated)
        16          0          0          6          2          0   (incl. Padding)

    ----------------------------------------------------------------------

      Code (inc. data)   RO Data    RW Data    ZI Data      Debug   Library Member Name

         8          0          0          0          0         68   __main.o
       312          4         17          0          0         92   __printf_flags_wp.o
        14          0          0          0          0         68   __printf_wp.o
         0          0          0          0          0          0   __rtentry.o
        12          0          0          0          0          0   __rtentry2.o
         6          0          0          0          0          0   __rtentry4.o
        52          8          0          0          0          0   __scatter.o
        26          0          0          0          0          0   __scatter_copy.o
        28          0          0          0          0          0   __scatter_zi.o
        28          0          0          0          0         68   _chval.o
        48          6          0          0          0         96   _printf_char_common.o
         6          0          0          0          0          0   _printf_d.o
       120         16          0          0          0         92   _printf_dec.o
       178          0          0          0          0         88   _printf_intcommon.o
        78          0          0          0          0        108   _printf_pad.o
         0          0          0          0          0          0   _printf_percent.o
         4          0          0          0          0          0   _printf_percent_end.o
        10          0          0          0          0         68   _sputc.o
       158          0          0          0          0         92   _strtoul.o
        26          0          0          0          0         80   atoi.o
        12          0          0          0          0         72   exit.o
         6          0          0          0          0        152   heapauxi.o
         0          0          0          0          0          0   indicate_semi.o
        44         10        272          0          0         76   lc_ctype_c.o
         2          0          0          0          0          0   libinit.o
        20          0          0          0          0          0   libinit2.o
         2          0          0          0          0          0   libshutdown.o
         2          0          0          0          0          0   libshutdown2.o
         8          4          0          0         96         68   libspace.o
        40          6          0          0          0         84   noretval__2sprintf.o
        16          4          0          0          0         76   rt_ctype_table.o
         8          4          0          0          0         68   rt_errno_addr_intlibspace.o
         8          4          0          0          0         68   rt_locale_intlibspace.o
        68          0          0          0          0         68   rt_memclr.o
        78          0          0          0          0         80   rt_memclr_w.o
       100          0          0          0          0         80   rt_memcpy_w.o
         2          0          0          0          0          0   rtexit.o
        10          0          0          0          0          0   rtexit2.o
       128          0          0          0          0         68   strcmpv7m.o
        86          0          0          0          0         76   strncpy.o
       112          0          0          0          0         88   strtol.o
        12          4          0          0          0         68   sys_exit.o
        74          0          0          0          0         80   sys_stackheap_outer.o
         2          0          0          0          0         68   use_no_semi.o
       430          8          0          0          0        168   faddsub_clz.o
        24          0          0          0          0         68   fcmpi.o
       388         76          0          0          0         96   fdiv.o
        62          4          0          0          0         84   ffixu.o
        48          0          0          0          0         68   fflt_clz.o
       104          4          0          0          0         84   fleqf.o
       258          4          0          0          0         84   fmul.o
       140          4          0          0          0         84   fnaninf.o
        10          0          0          0          0         68   fretinf.o
        98          0          0          0          0         68   frleqf.o
         0          0          0          0          0          0   usenofp.o

    ----------------------------------------------------------------------
      3532        170        292          0        100       3132   Library Totals
        16          0          3          0          4          0   (incl. Padding)

    ----------------------------------------------------------------------

      Code (inc. data)   RO Data    RW Data    ZI Data      Debug   Library Name

      1954         70        289          0         96       2260   c_w.l
      1562        100          0          0          0        872   fz_ws.l

    ----------------------------------------------------------------------
      3532        170        292          0        100       3132   Library Totals

    ----------------------------------------------------------------------

==============================================================================


      Code (inc. data)   RO Data    RW Data    ZI Data      Debug   

     14434        774        670         24       2080     578209   Grand Totals
     14434        774        670         24       2080     578209   ELF Image Totals
     14434        774        670         24          0          0   ROM Totals

==============================================================================

    Total RO  Size (Code + RO Data)                15104 (  14.75kB)
    Total RW  Size (RW Data + ZI Data)              2104 (   2.05kB)
    Total ROM Size (Code + RO Data + RW Data)      15128 (  14.77kB)

==============================================================================

